
Allocating common symbols
Common symbol       size              file

netbufpool          0x4               binaries/net.o
readylist           0x2               binaries/ready.o
rfltab              0x5a0             binaries/rflinit.o
netportseed         0x8               binaries/net.o
sleepq              0x2               binaries/clkinit.o
pid                 0x28              binaries/main.o
nnames              0x4               binaries/naminit.o
udptab              0x168             binaries/udp.o
minheap             0x4               binaries/meminit.o
marks               0x50              binaries/mark.o
currpid             0x4               binaries/initialize.o
Lf_data             0x20c             binaries/lfsinit.o
porttab             0x2d0             binaries/ptinit.o
girmask             0x2               binaries/evec.o
ttytab              0x110             binaries/ttyinit.o
proctab             0x20d0            binaries/initialize.o
active_lock_array   0x50              binaries/active_lock.o
mask                0x4               binaries/active_lock.o
prcount             0x4               binaries/initialize.o
prptr               0x4               binaries/park.o
lfltab              0xf00             binaries/lflinit.o
rdstab              0x7c              binaries/rdsinit.o
ethertab            0x130             binaries/ethinit.o
NetData             0xb0              binaries/net.o
mutex               0x10              binaries/main.o
nmarks              0x4               binaries/mark.o
initsp              0x4               binaries/i386.o
Defer               0x8               binaries/resched.o
semtab              0x4b0             binaries/initialize.o
maxheap             0x4               binaries/meminit.o
preempt             0x4               binaries/clkinit.o
buftab              0xf0              binaries/bufinit.o
locklist            0x2               binaries/lock.o
Rf_data             0x18              binaries/rfsinit.o
mkmutex             0x4               binaries/mark.o
ctr1000             0x4               binaries/clkinit.o
pi_lock_array       0x50              binaries/active_lock.o
clktime             0x4               binaries/clkinit.o
arpcache            0x140             binaries/arp.o
icmptab             0x230             binaries/icmp.o
nbpools             0x4               binaries/bufinit.o
queuetab            0x990             binaries/queue.o
ptnextid            0x4               binaries/ptinit.o
Ram                 0x19000           binaries/raminit.o
ipoqueue            0x2c              binaries/ip.o
memlist             0x8               binaries/initialize.o
pimutex             0xc8              binaries/main.o
nametab             0x5200            binaries/naminit.o
ptfree              0x4               binaries/ptinit.o

Memory Configuration

Name             Origin             Length             Attributes
*default*        0x0000000000000000 0xffffffffffffffff

Linker script and memory map

                0x0000000000100000                physbase = 0x100000
                0x0000000000100000                . = physbase
                0x0000000000100000                . = ALIGN (0x1000)

.text           0x0000000000100000    0x1e000
                0x0000000000100000                text = ABSOLUTE (.)
 *(.text .text.*)
 .text          0x0000000000100000      0x165 binaries/start.o
                0x0000000000100020                entry
                0x000000000010003d                start
                0x00000000001000a5                inb
                0x00000000001000ad                inw
                0x00000000001000b6                inl
                0x00000000001000be                outb
                0x00000000001000c8                outw
                0x00000000001000d3                outl
                0x00000000001000dd                _rtcin
                0x00000000001000e8                ___udivsi3
                0x00000000001000f3                ___divsi3
                0x00000000001000ff                sbzero
                0x000000000010010f                bcopy
                0x0000000000100123                insw
                0x0000000000100139                outsw
                0x000000000010014f                lidt
                0x0000000000100157                jumptocode
                0x000000000010015e                jumptobootcode
 .text          0x0000000000100165      0x541 binaries/active_lock.o
                0x0000000000100165                al_initlock
                0x00000000001001f5                al_lock
                0x00000000001004a6                al_unlock
                0x0000000000100615                al_trylock
 .text          0x00000000001006a6      0x405 binaries/ascdate.o
                0x00000000001006a6                ascdate
 .text          0x0000000000100aab       0x14 binaries/bufinit.o
                0x0000000000100aab                bufinit
 .text          0x0000000000100abf       0x91 binaries/chprio.o
                0x0000000000100abf                chprio
 .text          0x0000000000100b50       0xd6 binaries/clkhandler.o
                0x0000000000100b50                clkhandler
 .text          0x0000000000100c26       0x93 binaries/clkinit.o
                0x0000000000100c26                clkinit
 .text          0x0000000000100cb9       0x6a binaries/close.o
                0x0000000000100cb9                close
 .text          0x0000000000100d23        0x0 binaries/conf.o
 .text          0x0000000000100d23       0x7f binaries/control.o
                0x0000000000100d23                control
 .text          0x0000000000100da2      0x2ed binaries/create.o
                0x0000000000100da2                create
 .text          0x000000000010108f      0x373 binaries/evec.o
                0x000000000010108f                initevec
                0x00000000001010e5                set_evec
                0x0000000000101187                trap
 .text          0x0000000000101402       0x15 binaries/exit.o
                0x0000000000101402                exit
 .text          0x0000000000101417       0x82 binaries/freebuf.o
                0x0000000000101417                freebuf
 .text          0x0000000000101499      0x167 binaries/freemem.o
                0x0000000000101499                freemem
 .text          0x0000000000101600       0x80 binaries/getbuf.o
                0x0000000000101600                getbuf
 .text          0x0000000000101680       0x6a binaries/getc.o
                0x0000000000101680                getc
 .text          0x00000000001016ea       0x72 binaries/getdev.o
                0x00000000001016ea                getdev
 .text          0x000000000010175c       0xc8 binaries/getitem.o
                0x000000000010175c                getfirst
                0x000000000010179d                getlast
                0x00000000001017e0                getitem
 .text          0x0000000000101824       0xfb binaries/getmem.o
                0x0000000000101824                getmem
 .text          0x000000000010191f        0xa binaries/getpid.o
                0x000000000010191f                getpid
 .text          0x0000000000101929       0x79 binaries/getprio.o
                0x0000000000101929                getprio
 .text          0x00000000001019a2       0xf2 binaries/getstk.o
                0x00000000001019a2                getstk
 .text          0x0000000000101a94       0x16 binaries/getticks.o
                0x0000000000101a94                getticks
 .text          0x0000000000101aaa       0x36 binaries/gettime.o
                0x0000000000101aaa                gettime
 .text          0x0000000000101ae0      0x1fd binaries/getutime.o
                0x0000000000101ae0                getutime
 .text          0x0000000000101cdd      0x409 binaries/i386.o
                0x0000000000101cdd                setsegs
                0x0000000000101df4                init8259
                0x0000000000101ec9                pseg
                0x000000000010208c                setirmask
 .text          0x00000000001020e6       0x6a binaries/init.o
                0x00000000001020e6                init
 .text          0x0000000000102150      0x3fa binaries/initialize.o
                0x0000000000102150                nulluser
                0x00000000001024f5                stop
                0x000000000010251c                delay
 .text          0x000000000010254a       0xdf binaries/insert.o
                0x000000000010254a                insert
 .text          0x0000000000102629      0x111 binaries/insertd.o
                0x0000000000102629                insertd
 .text          0x000000000010273a        0xa binaries/ioerr.o
                0x000000000010273a                ioerr
 .text          0x0000000000102744        0xa binaries/ionull.o
                0x0000000000102744                ionull
 .text          0x000000000010274e      0x18c binaries/kill.o
                0x000000000010274e                kill
 .text          0x00000000001028da      0x208 binaries/kprintf.o
                0x00000000001028da                kputc
                0x0000000000102983                kgetc
                0x0000000000102a28                kprintf
                0x0000000000102a55                print_lock_list
 .text          0x0000000000102ae2      0x1bd binaries/lock.o
                0x0000000000102ae2                initlock
                0x0000000000102b16                lock
                0x0000000000102bd7                unlock
 .text          0x0000000000102c9f      0x86e binaries/main.o
                0x0000000000102c9f                sync_printf
                0x0000000000102d51                get_timestamp
                0x0000000000102d5b                run_for_ms
                0x0000000000102da7                p1
                0x0000000000102dd5                p1_pi
                0x0000000000102e03                p2_pi
                0x0000000000102e5d                run
                0x0000000000102ec0                main
 .text          0x000000000010350d        0x0 binaries/main-deadlock.o
 .text          0x000000000010350d       0xac binaries/mark.o
                0x000000000010350d                markinit
                0x0000000000103530                mark
 .text          0x00000000001035b9       0xca binaries/meminit.o
                0x00000000001035b9                meminit
 .text          0x0000000000103683      0x15f binaries/mkbufpool.o
                0x0000000000103683                mkbufpool
 .text          0x00000000001037e2       0x94 binaries/newqueue.o
                0x00000000001037e2                newqueue
 .text          0x0000000000103876       0x78 binaries/open.o
                0x0000000000103876                open
 .text          0x00000000001038ee       0x20 binaries/panic.o
                0x00000000001038ee                panic
 .text          0x000000000010390e      0x120 binaries/park.o
                0x000000000010390e                park
                0x0000000000103970                unpark
                0x00000000001039e8                setpark
 .text          0x0000000000103a2e      0x498 binaries/pci.o
                0x0000000000103a2e                pci_init
                0x0000000000103cfa                find_pci_device
                0x0000000000103d48                pci_bios_read_config_byte
                0x0000000000103d87                pci_bios_read_config_word
                0x0000000000103dc9                pci_bios_read_config_dword
                0x0000000000103e08                pci_bios_write_config_byte
                0x0000000000103e49                pci_bios_write_config_word
                0x0000000000103e8b                pci_bios_write_config_dword
 .text          0x0000000000103ec6      0x5c6 binaries/pi_lock.o
                0x0000000000103ec6                pi_initlock
                0x0000000000103f56                pi_lock
                0x000000000010415c                pi_unlock
                0x0000000000104319                update_priority
 .text          0x000000000010448c       0xe6 binaries/ptclear.o
                0x000000000010448c                _ptclear
 .text          0x0000000000104572       0x8f binaries/ptcount.o
                0x0000000000104572                ptcount
 .text          0x0000000000104601      0x105 binaries/ptcreate.o
                0x0000000000104601                ptcreate
 .text          0x0000000000104706       0x80 binaries/ptdelete.o
                0x0000000000104706                ptdelete
 .text          0x0000000000104786       0xb7 binaries/ptinit.o
                0x0000000000104786                ptinit
 .text          0x000000000010483d      0x10a binaries/ptrecv.o
                0x000000000010483d                ptrecv
 .text          0x0000000000104947       0x78 binaries/ptreset.o
                0x0000000000104947                ptreset
 .text          0x00000000001049bf      0x128 binaries/ptsend.o
                0x00000000001049bf                ptsend
 .text          0x0000000000104ae7       0x78 binaries/putc.o
                0x0000000000104ae7                putc
 .text          0x0000000000104b5f      0x10e binaries/queue.o
                0x0000000000104b5f                enqueue
                0x0000000000104c04                dequeue
 .text          0x0000000000104c6d       0x78 binaries/read.o
                0x0000000000104c6d                read
 .text          0x0000000000104ce5       0x86 binaries/ready.o
                0x0000000000104ce5                ready
 .text          0x0000000000104d6b       0x62 binaries/receive.o
                0x0000000000104d6b                receive
 .text          0x0000000000104dcd       0x5e binaries/recvclr.o
                0x0000000000104dcd                recvclr
 .text          0x0000000000104e2b       0xbd binaries/recvtime.o
                0x0000000000104e2b                recvtime
 .text          0x0000000000104ee8      0x18a binaries/resched.o
                0x0000000000104ee8                resched
                0x0000000000104ffd                resched_cntl
 .text          0x0000000000105072       0xa8 binaries/resume.o
                0x0000000000105072                resume
 .text          0x000000000010511a       0x71 binaries/seek.o
                0x000000000010511a                seek
 .text          0x000000000010518b       0x69 binaries/semcount.o
                0x000000000010518b                semcount
 .text          0x00000000001051f4       0xcf binaries/semcreate.o
                0x00000000001051f4                semcreate
 .text          0x00000000001052c3       0xba binaries/semdelete.o
                0x00000000001052c3                semdelete
 .text          0x000000000010537d       0xbc binaries/semreset.o
                0x000000000010537d                semreset
 .text          0x0000000000105439       0xdb binaries/send.o
                0x0000000000105439                send
 .text          0x0000000000105514       0x97 binaries/signal.o
                0x0000000000105514                signal
 .text          0x00000000001055ab       0xc3 binaries/signaln.o
                0x00000000001055ab                signaln
 .text          0x000000000010566e       0xe8 binaries/sleep.o
                0x000000000010566e                sleep
                0x00000000001056b8                sleepms
 .text          0x0000000000105756       0x9e binaries/spinlock.o
                0x0000000000105756                sl_initlock
                0x000000000010578f                sl_lock
                0x00000000001057c1                sl_unlock
 .text          0x00000000001057f4      0x1b5 binaries/stacktrace.o
                0x00000000001057f4                stacktrace
 .text          0x00000000001059a9       0xde binaries/suspend.o
                0x00000000001059a9                suspend
 .text          0x0000000000105a87       0xe0 binaries/unsleep.o
                0x0000000000105a87                unsleep
 .text          0x0000000000105b67       0x15 binaries/userret.o
                0x0000000000105b67                userret
 .text          0x0000000000105b7c       0xd6 binaries/wait.o
                0x0000000000105b7c                wait
 .text          0x0000000000105c52       0x68 binaries/wakeup.o
                0x0000000000105c52                wakeup
 .text          0x0000000000105cba       0x78 binaries/write.o
                0x0000000000105cba                write
 .text          0x0000000000105d32       0x19 binaries/xdone.o
                0x0000000000105d32                xdone
 .text          0x0000000000105d4b       0x25 binaries/yield.o
                0x0000000000105d4b                yield
 .text          0x0000000000105d70       0x11 binaries/abs.o
                0x0000000000105d70                abs
 .text          0x0000000000105d81       0x8f binaries/atoi.o
                0x0000000000105d81                atoi
 .text          0x0000000000105e10       0x8f binaries/atol.o
                0x0000000000105e10                atol
 .text          0x0000000000105e9f       0x31 binaries/bzero.o
                0x0000000000105e9f                bzero
 .text          0x0000000000105ed0        0x0 binaries/ctype_.o
 .text          0x0000000000105ed0      0x8f8 binaries/doprnt.o
                0x0000000000105ed0                _doprnt
 .text          0x00000000001067c8      0x6a2 binaries/doscan.o
                0x00000000001067c8                _doscan
 .text          0x0000000000106e6a      0x723 binaries/fdoprnt.o
                0x0000000000106e6a                _fdoprnt
 .text          0x000000000010758d       0x26 binaries/fgetc.o
                0x000000000010758d                fgetc
 .text          0x00000000001075b3       0x72 binaries/fgets.o
                0x00000000001075b3                fgets
 .text          0x0000000000107625       0x34 binaries/fprintf.o
                0x0000000000107625                fprintf
 .text          0x0000000000107659       0x2c binaries/fputc.o
                0x0000000000107659                fputc
 .text          0x0000000000107685       0x43 binaries/fputs.o
                0x0000000000107685                fputs
 .text          0x00000000001076c8       0x92 binaries/fscanf.o
                0x00000000001076c8                fscanf
 .text          0x000000000010775a       0x2e binaries/getchar.o
                0x000000000010775a                getchar
 .text          0x0000000000107788       0x11 binaries/labs.o
                0x0000000000107788                labs
 .text          0x0000000000107799       0x51 binaries/memcmp.o
                0x0000000000107799                memcmp
 .text          0x00000000001077ea       0x3f binaries/memcpy.o
                0x00000000001077ea                memcpy
 .text          0x0000000000107829       0x30 binaries/memset.o
                0x0000000000107829                memset
 .text          0x0000000000107859       0x52 binaries/printf.o
                0x0000000000107859                printf
 .text          0x00000000001078ab       0x36 binaries/putchar.o
                0x00000000001078ab                putchar
 .text          0x00000000001078e1      0x28c binaries/qsort.o
                0x00000000001078e1                qsort
 .text          0x0000000000107b6d       0x5f binaries/rand.o
                0x0000000000107b6d                rand
                0x0000000000107b81                rand_r
                0x0000000000107bbf                srand
 .text          0x0000000000107bcc       0x6f binaries/sprintf.o
                0x0000000000107bcc                sprintf
 .text          0x0000000000107c3b       0x7f binaries/sscanf.o
                0x0000000000107c3b                sscanf
 .text          0x0000000000107cba       0x3c binaries/strchr.o
                0x0000000000107cba                strchr
 .text          0x0000000000107cf6       0x45 binaries/strcmp.o
                0x0000000000107cf6                strcmp
 .text          0x0000000000107d3b       0x27 binaries/strcpy.o
                0x0000000000107d3b                strcpy
 .text          0x0000000000107d62       0x26 binaries/strlen.o
                0x0000000000107d62                strlen
 .text          0x0000000000107d88       0x56 binaries/strncat.o
                0x0000000000107d88                strncat
 .text          0x0000000000107dde       0x5e binaries/strncmp.o
                0x0000000000107dde                strncmp
 .text          0x0000000000107e3c       0x4f binaries/strncpy.o
                0x0000000000107e3c                strncpy
 .text          0x0000000000107e8b       0x2e binaries/strnlen.o
                0x0000000000107e8b                strnlen
 .text          0x0000000000107eb9       0x45 binaries/strrchr.o
                0x0000000000107eb9                strrchr
 .text          0x0000000000107efe       0x6d binaries/strstr.o
                0x0000000000107efe                strstr
 .text          0x0000000000107f6b       0xd8 binaries/ttycontrol.o
                0x0000000000107f6b                ttycontrol
 .text          0x0000000000108043       0x93 binaries/ttygetc.o
                0x0000000000108043                ttygetc
 .text          0x00000000001080d6      0x756 binaries/ttyhandle_in.o
                0x00000000001080d6                ttyhandle_in
 .text          0x000000000010882c      0x19f binaries/ttyhandle_out.o
                0x000000000010882c                ttyhandle_out
 .text          0x00000000001089cb       0xc6 binaries/ttyhandler.o
                0x00000000001089cb                ttyhandler
 .text          0x0000000000108a91      0x22b binaries/ttyinit.o
                0x0000000000108a91                ttyinit
 .text          0x0000000000108cbc       0x1d binaries/ttykickout.o
                0x0000000000108cbc                ttykickout
 .text          0x0000000000108cd9       0xb2 binaries/ttyputc.o
                0x0000000000108cd9                ttyputc
 .text          0x0000000000108d8b      0x10f binaries/ttyread.o
                0x0000000000108d8b                ttyread
 .text          0x0000000000108e9a       0x4f binaries/ttywrite.o
                0x0000000000108e9a                ttywrite
 .text          0x0000000000108ee9      0x16a binaries/mount.o
                0x0000000000108ee9                mount
                0x000000000010901d                namlen
 .text          0x0000000000109053      0x229 binaries/naminit.o
                0x0000000000109053                naminit
 .text          0x000000000010927c      0x216 binaries/nammap.o
                0x000000000010927c                nammap
                0x000000000010930d                namrepl
                0x0000000000109442                namcpy
 .text          0x0000000000109492       0x55 binaries/namopen.o
                0x0000000000109492                namopen
 .text          0x00000000001094e7      0xfa3 binaries/82545EMInit.o
                0x000000000010953e                _82545EMInit
                0x000000000010a2e4                _82545EM_read_phy_reg
                0x000000000010a3b3                _82545EM_write_phy_reg
 .text          0x000000000010a48a      0x24c binaries/ethcontrol.o
                0x000000000010a4e1                ethcontrol
                0x000000000010a65e                ethIrqDisable
                0x000000000010a69a                ethIrqEnable
 .text          0x000000000010a6d6      0x241 binaries/ethhandler.o
                0x000000000010a847                ethhandler
 .text          0x000000000010a917      0x122 binaries/ethinit.o
                0x000000000010a917                ethinit
 .text          0x000000000010aa39      0x1f0 binaries/ethread.o
                0x000000000010aa90                ethread
 .text          0x000000000010ac29      0x19a binaries/ethwrite.o
                0x000000000010ac80                ethwrite
 .text          0x000000000010adc3      0x2c1 binaries/rdscomm.o
                0x000000000010adc3                rdscomm
 .text          0x000000000010b084      0x21b binaries/rdscontrol.o
                0x000000000010b084                rdscontrol
 .text          0x000000000010b29f       0x4e binaries/rdsinit.o
                0x000000000010b29f                rdsinit
 .text          0x000000000010b2ed      0x385 binaries/rdsopen.o
                0x000000000010b2ed                rdsopen
 .text          0x000000000010b672      0x40d binaries/rdsprocess.o
                0x000000000010b672                rdsprocess
 .text          0x000000000010ba7f      0x5b2 binaries/rdsqfcns.o
                0x000000000010ba7f                rdqunlink
                0x000000000010bb21                rdqinsert
                0x000000000010bb76                rdcunlink
                0x000000000010bc20                rdcinsert
                0x000000000010bd01                edqdump
                0x000000000010bebd                edcdump
 .text          0x000000000010c031      0x1d7 binaries/rdsread.o
                0x000000000010c031                rdsread
 .text          0x000000000010c208       0x5d binaries/rdssetprio.o
                0x000000000010c208                rdssetprio
 .text          0x000000000010c265      0x117 binaries/rdswrite.o
                0x000000000010c265                rdswrite
 .text          0x000000000010c37c        0xa binaries/ramclose.o
                0x000000000010c37c                ramclose
 .text          0x000000000010c386       0x45 binaries/raminit.o
                0x000000000010c386                raminit
 .text          0x000000000010c3cb        0xa binaries/ramopen.o
                0x000000000010c3cb                ramopen
 .text          0x000000000010c3d5       0x35 binaries/ramread.o
                0x000000000010c3d5                ramread
 .text          0x000000000010c40a       0x36 binaries/ramwrite.o
                0x000000000010c40a                ramwrite
 .text          0x000000000010c440       0x9e binaries/lfdballoc.o
                0x000000000010c440                lfdballoc
 .text          0x000000000010c4de       0x62 binaries/lfdbfree.o
                0x000000000010c4de                lfdbfree
 .text          0x000000000010c540       0xbf binaries/lfflush.o
                0x000000000010c540                lfflush
 .text          0x000000000010c5ff       0xd8 binaries/lfgetmode.o
                0x000000000010c5ff                lfgetmode
 .text          0x000000000010c6d7       0x6c binaries/lfiballoc.o
                0x000000000010c6d7                lfiballoc
 .text          0x000000000010c743       0x3b binaries/lfibclear.o
                0x000000000010c743                lfibclear
 .text          0x000000000010c77e       0xae binaries/lfibget.o
                0x000000000010c77e                lfibget
 .text          0x000000000010c82c       0xe0 binaries/lfibput.o
                0x000000000010c82c                lfibput
 .text          0x000000000010c90c       0x93 binaries/lflclose.o
                0x000000000010c90c                lflclose
 .text          0x000000000010c99f       0xb5 binaries/lflcontrol.o
                0x000000000010c99f                lflcontrol
 .text          0x000000000010ca54       0xdf binaries/lflgetc.o
                0x000000000010ca54                lflgetc
 .text          0x000000000010cb33       0xfb binaries/lflinit.o
                0x000000000010cb33                lflinit
 .text          0x000000000010cc2e      0x10f binaries/lflputc.o
                0x000000000010cc2e                lflputc
 .text          0x000000000010cd3d       0x6d binaries/lflread.o
                0x000000000010cd3d                lflread
 .text          0x000000000010cdaa       0x9c binaries/lflseek.o
                0x000000000010cdaa                lflseek
 .text          0x000000000010ce46       0x55 binaries/lflwrite.o
                0x000000000010ce46                lflwrite
 .text          0x000000000010ce9b       0x62 binaries/lfscheck.o
                0x000000000010ce9b                lfscheck
 .text          0x000000000010cefd      0x176 binaries/lfsckfmt.o
                0x000000000010cefd                lfsckfmt
 .text          0x000000000010d073      0x221 binaries/lfscreate.o
                0x000000000010d073                lfscreate
 .text          0x000000000010d294      0x282 binaries/lfsetup.o
                0x000000000010d294                lfsetup
 .text          0x000000000010d516       0x55 binaries/lfsinit.o
                0x000000000010d516                lfsinit
 .text          0x000000000010d56b      0x3cb binaries/lfsopen.o
                0x000000000010d56b                lfsopen
 .text          0x000000000010d936      0x161 binaries/lftruncate.o
                0x000000000010d936                lftruncate
 .text          0x000000000010da97      0x1a5 binaries/rflclose.o
                0x000000000010da97                rflclose
 .text          0x000000000010dc3c       0x5d binaries/rflgetc.o
                0x000000000010dc3c                rflgetc
 .text          0x000000000010dc99       0x76 binaries/rflinit.o
                0x000000000010dc99                rflinit
 .text          0x000000000010dd0f       0x39 binaries/rflputc.o
                0x000000000010dd0f                rflputc
 .text          0x000000000010dd48      0x386 binaries/rflread.o
                0x000000000010dd48                rflread
 .text          0x000000000010e0ce       0x68 binaries/rflseek.o
                0x000000000010e0ce                rflseek
 .text          0x000000000010e136      0x336 binaries/rflwrite.o
                0x000000000010e136                rflwrite
 .text          0x000000000010e46c      0x22f binaries/rfscomm.o
                0x000000000010e46c                rfscomm
 .text          0x000000000010e69b      0x258 binaries/rfscontrol.o
                0x000000000010e69b                rfscontrol
 .text          0x000000000010e8f3       0xd8 binaries/rfsgetmode.o
                0x000000000010e8f3                rfsgetmode
 .text          0x000000000010e9cb       0x61 binaries/rfsinit.o
                0x000000000010e9cb                rfsinit
 .text          0x000000000010ea2c      0x128 binaries/rfsndmsg.o
                0x000000000010ea2c                rfsndmsg
 .text          0x000000000010eb54      0x28d binaries/rfsopen.o
                0x000000000010eb54                rfsopen
 .text          0x000000000010ede1      0x855 binaries/arp.o
                0x000000000010ede1                arp_init
                0x000000000010ee13                arp_resolve
                0x000000000010f0e0                arp_in
                0x000000000010f392                arp_alloc
                0x000000000010f45e                arp_ntoh
                0x000000000010f54a                arp_hton
 .text          0x000000000010f636      0x947 binaries/dhcp.o
                0x000000000010f636                dhcp_get_opt_val
                0x000000000010f68f                dhcp_bld_bootp_msg
                0x000000000010f7b9                dhcp_bld_disc
                0x000000000010f89f                dhcp_bld_req
                0x000000000010fa1c                getlocalip
 .text          0x000000000010ff7d      0x6e3 binaries/dns.o
                0x000000000010ff7d                dnslookup
 .text          0x0000000000110660       0xe0 binaries/dot2ip.o
                0x0000000000110660                dot2ip
 .text          0x0000000000110740      0x468 binaries/hexdump.o
                0x0000000000110740                hexdump
                0x00000000001108c3                hexadump
 .text          0x0000000000110ba8      0x8c4 binaries/icmp.o
                0x0000000000110ba8                icmp_init
                0x0000000000110bde                icmp_in
                0x0000000000110de6                icmp_register
                0x0000000000110ed8                icmp_recv
                0x0000000000111051                icmp_send
                0x00000000001110e6                icmp_mkpkt
                0x0000000000111201                icmp_release
                0x00000000001112f1                icmp_cksum
                0x0000000000111384                icmp_hton
                0x00000000001113f8                icmp_ntoh
 .text          0x000000000011146c      0x81d binaries/ip.o
                0x000000000011146c                ip_in
                0x00000000001115b8                ip_send
                0x00000000001116fa                ip_local
                0x000000000011173d                ip_out
                0x000000000011186a                ipcksum
                0x00000000001118f0                ip_ntoh
                0x00000000001119dc                ip_hton
                0x0000000000111ac8                ipout
                0x0000000000111bea                ip_enqueue
 .text          0x0000000000111c89      0x2ed binaries/net.o
                0x0000000000111c89                net_init
                0x0000000000111de1                netin
                0x0000000000111e8d                eth_hton
                0x0000000000111eb7                eth_ntoh
                0x0000000000111ee1                getport
 .text          0x0000000000111f76     0x1539 binaries/pdump.o
                0x0000000000111f76                pdump
                0x0000000000112d92                pdumph
 .text          0x00000000001134af      0x64a binaries/tftp.o
                0x00000000001134af                tftp_send1
                0x000000000011363f                tftpget
                0x0000000000113681                tftpget_mb
 .text          0x0000000000113af9      0xb08 binaries/udp.o
                0x0000000000113af9                udp_init
                0x0000000000113b2d                udp_in
                0x0000000000113c68                udp_register
                0x0000000000113d9c                udp_recv
                0x0000000000113f22                udp_recvaddr
                0x00000000001140c0                udp_send
                0x000000000011428f                udp_sendto
                0x000000000011442a                udp_release
                0x0000000000114517                udp_ntoh
                0x000000000011458c                udp_hton
 .text          0x0000000000114601      0x139 binaries/addargs.o
                0x0000000000114601                addargs
 .text          0x000000000011473a      0x2c9 binaries/lexan.o
                0x000000000011473a                lexan
 .text          0x0000000000114a03      0x6f1 binaries/shell.o
                0x0000000000114a03                shell
 .text          0x00000000001150f4       0x68 binaries/xsh_argecho.o
                0x00000000001150f4                xsh_argecho
 .text          0x000000000011515c      0x23a binaries/xsh_arp.o
                0x000000000011515c                xsh_arp
 .text          0x0000000000115396      0x25f binaries/xsh_cat.o
                0x0000000000115396                xsh_cat
 .text          0x00000000001155f5       0x5d binaries/xsh_clear.o
                0x00000000001155f5                xsh_clear
 .text          0x0000000000115652      0x2f4 binaries/xsh_date.o
                0x0000000000115652                xsh_date
 .text          0x0000000000115946       0xaf binaries/xsh_devdump.o
                0x0000000000115946                xsh_devdump
 .text          0x00000000001159f5       0x6c binaries/xsh_echo.o
                0x00000000001159f5                xsh_echo
 .text          0x0000000000115a61        0xa binaries/xsh_exit.o
                0x0000000000115a61                xsh_exit
 .text          0x0000000000115a6b      0x370 binaries/xsh_help.o
                0x0000000000115a6b                xsh_help
 .text          0x0000000000115ddb      0x246 binaries/xsh_kill.o
                0x0000000000115ddb                xsh_kill
 .text          0x0000000000116021      0x55c binaries/xsh_ls.o
                0x0000000000116021                xsh_ls
 .text          0x000000000011657d      0x522 binaries/xsh_memdump.o
                0x000000000011657d                xsh_memdump
 .text          0x0000000000116a9f      0x2a3 binaries/xsh_memstat.o
                0x0000000000116a9f                xsh_memstat
 .text          0x0000000000116d42      0x5be binaries/xsh_netinfo.o
                0x0000000000116d42                xsh_netinfo
 .text          0x0000000000117300      0x608 binaries/xsh_ns.o
                0x0000000000117300                xsh_ns
 .text          0x0000000000117908      0x3e7 binaries/xsh_ping.o
                0x0000000000117908                xsh_ping
 .text          0x0000000000117cef      0x266 binaries/xsh_ps.o
                0x0000000000117cef                xsh_ps
 .text          0x0000000000117f55      0x223 binaries/xsh_sleep.o
                0x0000000000117f55                xsh_sleep
 .text          0x0000000000118178      0x2ba binaries/xsh_udpdump.o
                0x0000000000118178                xsh_udpdump
 .text          0x0000000000118432      0x5a8 binaries/xsh_udpecho.o
                0x0000000000118432                xsh_udpecho
 .text          0x00000000001189da      0x2e1 binaries/xsh_udpserver.o
                0x00000000001189da                xsh_udpeserver
 .text          0x0000000000118cbb      0x1e5 binaries/xsh_uptime.o
                0x0000000000118cbb                xsh_uptime
 .text          0x0000000000118ea0        0xe binaries/clkdisp.o
                0x0000000000118ea0                clkdisp
 .text          0x0000000000118eae       0x19 binaries/ctxsw.o
                0x0000000000118eae                ctxsw
 .text          0x0000000000118ec7      0x368 binaries/intr.o
                0x0000000000118ec7                disable
                0x0000000000118ed0                restore
                0x0000000000118ede                enable
                0x0000000000118ee0                pause
                0x0000000000118ee7                halt
                0x0000000000118eea                spurious_irq7
                0x0000000000118eef                spurious_irq15
                0x0000000000118efe                _Xint0
                0x0000000000118f09                _Xint1
                0x0000000000118f14                _Xint2
                0x0000000000118f1f                _Xint3
                0x0000000000118f2a                _Xint4
                0x0000000000118f35                _Xint5
                0x0000000000118f40                _Xint6
                0x0000000000118f4b                _Xint7
                0x0000000000118f56                _Xint8
                0x0000000000118f61                _Xint9
                0x0000000000118f6c                _Xint10
                0x0000000000118f77                _Xint11
                0x0000000000118f85                _Xint12
                0x0000000000118f93                _Xint13
                0x0000000000118fa1                _Xint14
                0x0000000000118faf                _Xint15
                0x0000000000118fbd                _Xint16
                0x0000000000118fcb                _Xint17
                0x0000000000118fd9                _Xint18
                0x0000000000118fe7                _Xint19
                0x0000000000118ff5                _Xint20
                0x0000000000119003                _Xint21
                0x0000000000119011                _Xint22
                0x000000000011901f                _Xint23
                0x000000000011902d                _Xint24
                0x000000000011903b                _Xint25
                0x0000000000119049                _Xint26
                0x0000000000119057                _Xint27
                0x0000000000119065                _Xint28
                0x0000000000119073                _Xint29
                0x0000000000119081                _Xint30
                0x000000000011908f                _Xint31
                0x000000000011909d                _Xint32
                0x00000000001190ab                _Xint33
                0x00000000001190b9                _Xint34
                0x00000000001190c7                _Xint35
                0x00000000001190d5                _Xint36
                0x00000000001190e3                _Xint37
                0x00000000001190f1                _Xint38
                0x00000000001190ff                _Xint39
                0x000000000011910d                _Xint40
                0x000000000011911b                _Xint41
                0x0000000000119129                _Xint42
                0x0000000000119137                _Xint43
                0x0000000000119145                _Xint44
                0x0000000000119153                _Xint45
                0x0000000000119161                _Xint46
                0x000000000011916f                defevec
 .text          0x000000000011922f       0x13 binaries/test_and_set.o
                0x000000000011922f                test_and_set
 .text          0x0000000000119242        0xf binaries/ttydispatch.o
                0x0000000000119242                ttydispatch
 .text          0x0000000000119251       0x13 binaries/ethdispatch.o
                0x0000000000119251                ethdispatch
 *(.rodata .rodata.*)
 .rodata        0x0000000000119264       0x20 binaries/active_lock.o
 .rodata        0x0000000000119284       0x8e binaries/ascdate.o
 .rodata        0x0000000000119312       0xae binaries/conf.o
 .rodata        0x00000000001193c0      0x22f binaries/evec.o
 *fill*         0x00000000001195ef        0x1 
 .rodata        0x00000000001195f0       0x61 binaries/getutime.o
 *fill*         0x0000000000119651        0x3 
 .rodata        0x0000000000119654       0x90 binaries/i386.o
 .rodata        0x00000000001196e4      0x186 binaries/initialize.o
 *fill*         0x000000000011986a        0x2 
 .rodata        0x000000000011986c       0x20 binaries/kill.o
 .rodata        0x000000000011988c       0x38 binaries/kprintf.o
 .rodata        0x00000000001198c4      0x223 binaries/main.o
 .rodata        0x0000000000119ae7        0xf binaries/panic.o
 *fill*         0x0000000000119af6        0x2 
 .rodata        0x0000000000119af8      0x1ec binaries/pci.o
 .rodata        0x0000000000119ce4       0x1c binaries/pi_lock.o
 .rodata        0x0000000000119d00       0x1d binaries/ptinit.o
 *fill*         0x0000000000119d1d        0x3 
 .rodata        0x0000000000119d20       0x25 binaries/ptsend.o
 *fill*         0x0000000000119d45        0x3 
 .rodata        0x0000000000119d48       0xb7 binaries/stacktrace.o
 *fill*         0x0000000000119dff        0x1 
 .rodata        0x0000000000119e00       0x27 binaries/xdone.o
 *fill*         0x0000000000119e27       0x19 
 .rodata        0x0000000000119e40       0x81 binaries/ctype_.o
                0x0000000000119e40                _ctype_
 *fill*         0x0000000000119ec1        0x3 
 .rodata        0x0000000000119ec4       0xee binaries/doprnt.o
 *fill*         0x0000000000119fb2        0x2 
 .rodata        0x0000000000119fb4       0x98 binaries/doscan.o
 .rodata        0x000000000011a04c       0xae binaries/fdoprnt.o
 *fill*         0x000000000011a0fa        0x2 
 .rodata        0x000000000011a0fc       0x20 binaries/ttycontrol.o
 .rodata        0x000000000011a11c       0x34 binaries/ttyhandler.o
 .rodata        0x000000000011a150       0x14 binaries/mount.o
 .rodata        0x000000000011a164       0x82 binaries/naminit.o
 *fill*         0x000000000011a1e6        0x2 
 .rodata        0x000000000011a1e8       0x2e binaries/82545EMInit.o
 *fill*         0x000000000011a216        0x2 
 .rodata        0x000000000011a218       0x78 binaries/ethinit.o
 .rodata        0x000000000011a290       0x18 binaries/ethread.o
 .rodata        0x000000000011a2a8       0x76 binaries/rdscomm.o
 *fill*         0x000000000011a31e        0x2 
 .rodata        0x000000000011a320       0x21 binaries/rdscontrol.o
 *fill*         0x000000000011a341        0x3 
 .rodata        0x000000000011a344       0xae binaries/rdsopen.o
 *fill*         0x000000000011a3f2        0x2 
 .rodata        0x000000000011a3f4       0x3e binaries/rdsprocess.o
 *fill*         0x000000000011a432        0x2 
 .rodata        0x000000000011a434       0xe2 binaries/rdsqfcns.o
 .rodata        0x000000000011a516        0x9 binaries/raminit.o
 *fill*         0x000000000011a51f        0x1 
 .rodata        0x000000000011a520       0x36 binaries/lfdballoc.o
 .rodata        0x000000000011a556       0x14 binaries/lfiballoc.o
 *fill*         0x000000000011a56a        0x2 
 .rodata        0x000000000011a56c       0x22 binaries/lflcontrol.o
 *fill*         0x000000000011a58e        0x2 
 .rodata        0x000000000011a590      0x118 binaries/lfsckfmt.o
 .rodata        0x000000000011a6a8       0x66 binaries/lfsopen.o
 *fill*         0x000000000011a70e        0x2 
 .rodata        0x000000000011a710       0x21 binaries/rflclose.o
 *fill*         0x000000000011a731        0x3 
 .rodata        0x000000000011a734       0x21 binaries/rflread.o
 *fill*         0x000000000011a755        0x3 
 .rodata        0x000000000011a758       0x21 binaries/rflwrite.o
 *fill*         0x000000000011a779        0x3 
 .rodata        0x000000000011a77c       0xa1 binaries/rfscomm.o
 *fill*         0x000000000011a81d        0x3 
 .rodata        0x000000000011a820       0x3c binaries/rfscontrol.o
 .rodata        0x000000000011a85c       0x2b binaries/rfsinit.o
 *fill*         0x000000000011a887        0x1 
 .rodata        0x000000000011a888       0x2a binaries/rfsndmsg.o
 *fill*         0x000000000011a8b2        0x2 
 .rodata        0x000000000011a8b4       0x21 binaries/rfsopen.o
 *fill*         0x000000000011a8d5        0x3 
 .rodata        0x000000000011a8d8       0x3a binaries/arp.o
 *fill*         0x000000000011a912        0x2 
 .rodata        0x000000000011a914       0xcf binaries/dhcp.o
 .rodata        0x000000000011a9e3       0x24 binaries/dns.o
 *fill*         0x000000000011aa07        0x1 
 .rodata        0x000000000011aa08       0xc9 binaries/hexdump.o
 *fill*         0x000000000011aad1        0x3 
 .rodata        0x000000000011aad4       0x29 binaries/icmp.o
 *fill*         0x000000000011aafd        0x3 
 .rodata        0x000000000011ab00       0x52 binaries/ip.o
 *fill*         0x000000000011ab52        0x2 
 .rodata        0x000000000011ab54       0x4f binaries/net.o
 *fill*         0x000000000011aba3        0x1 
 .rodata        0x000000000011aba4      0x26f binaries/pdump.o
 *fill*         0x000000000011ae13        0x1 
 .rodata        0x000000000011ae14      0x154 binaries/tftp.o
 *fill*         0x000000000011af68       0x18 
 .rodata        0x000000000011af80      0x3f9 binaries/shell.o
                0x000000000011b020                cmdtab
 .rodata        0x000000000011b379       0x28 binaries/xsh_argecho.o
 *fill*         0x000000000011b3a1        0x3 
 .rodata        0x000000000011b3a4      0x123 binaries/xsh_arp.o
 *fill*         0x000000000011b4c7        0x1 
 .rodata        0x000000000011b4c8       0xc9 binaries/xsh_cat.o
 .rodata        0x000000000011b591       0x19 binaries/xsh_clear.o
 *fill*         0x000000000011b5aa        0x2 
 .rodata        0x000000000011b5ac      0x1c3 binaries/xsh_date.o
 .rodata        0x000000000011b76f       0x5d binaries/xsh_devdump.o
 .rodata        0x000000000011b7cc        0x9 binaries/xsh_echo.o
 *fill*         0x000000000011b7d5        0x3 
 .rodata        0x000000000011b7d8      0x169 binaries/xsh_help.o
 *fill*         0x000000000011b941        0x3 
 .rodata        0x000000000011b944      0x12e binaries/xsh_kill.o
 *fill*         0x000000000011ba72        0x2 
 .rodata        0x000000000011ba74      0x190 binaries/xsh_ls.o
 .rodata        0x000000000011bc04      0x266 binaries/xsh_memdump.o
 *fill*         0x000000000011be6a        0x2 
 .rodata        0x000000000011be6c      0x225 binaries/xsh_memstat.o
 *fill*         0x000000000011c091        0x3 
 .rodata        0x000000000011c094      0x1b0 binaries/xsh_netinfo.o
 *fill*         0x000000000011c244       0x1c 
 .rodata        0x000000000011c260      0x340 binaries/xsh_ns.o
 .rodata        0x000000000011c5a0      0x19d binaries/xsh_ping.o
 *fill*         0x000000000011c73d        0x3 
 .rodata        0x000000000011c740      0x1e0 binaries/xsh_ps.o
 .rodata        0x000000000011c920       0xeb binaries/xsh_sleep.o
 *fill*         0x000000000011ca0b        0x1 
 .rodata        0x000000000011ca0c      0x1b8 binaries/xsh_udpdump.o
 .rodata        0x000000000011cbc4      0x27d binaries/xsh_udpecho.o
 *fill*         0x000000000011ce41        0x3 
 .rodata        0x000000000011ce44      0x12b binaries/xsh_udpserver.o
 *fill*         0x000000000011cf6f        0x1 
 .rodata        0x000000000011cf70      0x105 binaries/xsh_uptime.o
                0x000000000011d075                etext = ABSOLUTE (.)
                0x000000000011e000                . = ALIGN (0x1000)
 *fill*         0x000000000011d075      0xf8b 

.eh_frame       0x000000000011e000     0x3074
 .eh_frame      0x000000000011e000       0x98 binaries/active_lock.o
 .eh_frame      0x000000000011e098       0x28 binaries/ascdate.o
                                         0x40 (size before relaxing)
 .eh_frame      0x000000000011e0c0       0x20 binaries/bufinit.o
                                         0x38 (size before relaxing)
 .eh_frame      0x000000000011e0e0       0x20 binaries/chprio.o
                                         0x38 (size before relaxing)
 .eh_frame      0x000000000011e100       0x20 binaries/clkhandler.o
                                         0x38 (size before relaxing)
 .eh_frame      0x000000000011e120       0x20 binaries/clkinit.o
                                         0x38 (size before relaxing)
 .eh_frame      0x000000000011e140       0x20 binaries/close.o
                                         0x38 (size before relaxing)
 .eh_frame      0x000000000011e160       0x20 binaries/control.o
                                         0x38 (size before relaxing)
 .eh_frame      0x000000000011e180       0x40 binaries/create.o
                                         0x58 (size before relaxing)
 .eh_frame      0x000000000011e1c0       0x60 binaries/evec.o
                                         0x78 (size before relaxing)
 .eh_frame      0x000000000011e220       0x20 binaries/exit.o
                                         0x38 (size before relaxing)
 .eh_frame      0x000000000011e240       0x20 binaries/freebuf.o
                                         0x38 (size before relaxing)
 .eh_frame      0x000000000011e260       0x20 binaries/freemem.o
                                         0x38 (size before relaxing)
 .eh_frame      0x000000000011e280       0x20 binaries/getbuf.o
                                         0x38 (size before relaxing)
 .eh_frame      0x000000000011e2a0       0x20 binaries/getc.o
                                         0x38 (size before relaxing)
 .eh_frame      0x000000000011e2c0       0x20 binaries/getdev.o
                                         0x38 (size before relaxing)
 .eh_frame      0x000000000011e2e0       0x60 binaries/getitem.o
                                         0x78 (size before relaxing)
 .eh_frame      0x000000000011e340       0x20 binaries/getmem.o
                                         0x38 (size before relaxing)
 .eh_frame      0x000000000011e360       0x20 binaries/getpid.o
                                         0x38 (size before relaxing)
 .eh_frame      0x000000000011e380       0x20 binaries/getprio.o
                                         0x38 (size before relaxing)
 .eh_frame      0x000000000011e3a0       0x20 binaries/getstk.o
                                         0x38 (size before relaxing)
 .eh_frame      0x000000000011e3c0       0x20 binaries/getticks.o
                                         0x38 (size before relaxing)
 .eh_frame      0x000000000011e3e0       0x20 binaries/gettime.o
                                         0x38 (size before relaxing)
 .eh_frame      0x000000000011e400       0x20 binaries/getutime.o
                                         0x38 (size before relaxing)
 .eh_frame      0x000000000011e420       0x8c binaries/i386.o
                                         0xa4 (size before relaxing)
 .eh_frame      0x000000000011e4ac       0x20 binaries/init.o
                                         0x38 (size before relaxing)
 .eh_frame      0x000000000011e4cc       0xa0 binaries/initialize.o
                                         0xb8 (size before relaxing)
 .eh_frame      0x000000000011e56c       0x20 binaries/insert.o
                                         0x38 (size before relaxing)
 .eh_frame      0x000000000011e58c       0x20 binaries/insertd.o
                                         0x38 (size before relaxing)
 .eh_frame      0x000000000011e5ac       0x20 binaries/ioerr.o
                                         0x38 (size before relaxing)
 .eh_frame      0x000000000011e5cc       0x20 binaries/ionull.o
                                         0x38 (size before relaxing)
 .eh_frame      0x000000000011e5ec       0x20 binaries/kill.o
                                         0x38 (size before relaxing)
 .eh_frame      0x000000000011e60c       0x80 binaries/kprintf.o
                                         0x98 (size before relaxing)
 .eh_frame      0x000000000011e68c       0x60 binaries/lock.o
                                         0x78 (size before relaxing)
 .eh_frame      0x000000000011e6ec      0x10c binaries/main.o
                                        0x124 (size before relaxing)
 .eh_frame      0x000000000011e7f8       0x40 binaries/mark.o
                                         0x58 (size before relaxing)
 .eh_frame      0x000000000011e838       0x20 binaries/meminit.o
                                         0x38 (size before relaxing)
 .eh_frame      0x000000000011e858       0x20 binaries/mkbufpool.o
                                         0x38 (size before relaxing)
 .eh_frame      0x000000000011e878       0x20 binaries/newqueue.o
                                         0x38 (size before relaxing)
 .eh_frame      0x000000000011e898       0x20 binaries/open.o
                                         0x38 (size before relaxing)
 .eh_frame      0x000000000011e8b8       0x1c binaries/panic.o
                                         0x34 (size before relaxing)
 .eh_frame      0x000000000011e8d4       0x60 binaries/park.o
                                         0x78 (size before relaxing)
 .eh_frame      0x000000000011e934      0x1c8 binaries/pci.o
                                        0x1e0 (size before relaxing)
 .eh_frame      0x000000000011eafc       0x80 binaries/pi_lock.o
                                         0x98 (size before relaxing)
 .eh_frame      0x000000000011eb7c       0x20 binaries/ptclear.o
                                         0x38 (size before relaxing)
 .eh_frame      0x000000000011eb9c       0x20 binaries/ptcount.o
                                         0x38 (size before relaxing)
 .eh_frame      0x000000000011ebbc       0x20 binaries/ptcreate.o
                                         0x38 (size before relaxing)
 .eh_frame      0x000000000011ebdc       0x20 binaries/ptdelete.o
                                         0x38 (size before relaxing)
 .eh_frame      0x000000000011ebfc       0x20 binaries/ptinit.o
                                         0x38 (size before relaxing)
 .eh_frame      0x000000000011ec1c       0x20 binaries/ptrecv.o
                                         0x38 (size before relaxing)
 .eh_frame      0x000000000011ec3c       0x20 binaries/ptreset.o
                                         0x38 (size before relaxing)
 .eh_frame      0x000000000011ec5c       0x20 binaries/ptsend.o
                                         0x38 (size before relaxing)
 .eh_frame      0x000000000011ec7c       0x20 binaries/putc.o
                                         0x38 (size before relaxing)
 .eh_frame      0x000000000011ec9c       0x40 binaries/queue.o
                                         0x58 (size before relaxing)
 .eh_frame      0x000000000011ecdc       0x20 binaries/read.o
                                         0x38 (size before relaxing)
 .eh_frame      0x000000000011ecfc       0x24 binaries/ready.o
                                         0x3c (size before relaxing)
 .eh_frame      0x000000000011ed20       0x20 binaries/receive.o
                                         0x38 (size before relaxing)
 .eh_frame      0x000000000011ed40       0x20 binaries/recvclr.o
                                         0x38 (size before relaxing)
 .eh_frame      0x000000000011ed60       0x20 binaries/recvtime.o
                                         0x38 (size before relaxing)
 .eh_frame      0x000000000011ed80       0x40 binaries/resched.o
                                         0x58 (size before relaxing)
 .eh_frame      0x000000000011edc0       0x20 binaries/resume.o
                                         0x38 (size before relaxing)
 .eh_frame      0x000000000011ede0       0x20 binaries/seek.o
                                         0x38 (size before relaxing)
 .eh_frame      0x000000000011ee00       0x20 binaries/semcount.o
                                         0x38 (size before relaxing)
 .eh_frame      0x000000000011ee20       0x40 binaries/semcreate.o
                                         0x58 (size before relaxing)
 .eh_frame      0x000000000011ee60       0x20 binaries/semdelete.o
                                         0x38 (size before relaxing)
 .eh_frame      0x000000000011ee80       0x20 binaries/semreset.o
                                         0x38 (size before relaxing)
 .eh_frame      0x000000000011eea0       0x20 binaries/send.o
                                         0x38 (size before relaxing)
 .eh_frame      0x000000000011eec0       0x20 binaries/signal.o
                                         0x38 (size before relaxing)
 .eh_frame      0x000000000011eee0       0x20 binaries/signaln.o
                                         0x38 (size before relaxing)
 .eh_frame      0x000000000011ef00       0x40 binaries/sleep.o
                                         0x58 (size before relaxing)
 .eh_frame      0x000000000011ef40       0x60 binaries/spinlock.o
                                         0x78 (size before relaxing)
 .eh_frame      0x000000000011efa0       0x20 binaries/stacktrace.o
                                         0x38 (size before relaxing)
 .eh_frame      0x000000000011efc0       0x20 binaries/suspend.o
                                         0x38 (size before relaxing)
 .eh_frame      0x000000000011efe0       0x20 binaries/unsleep.o
                                         0x38 (size before relaxing)
 .eh_frame      0x000000000011f000       0x20 binaries/userret.o
                                         0x38 (size before relaxing)
 .eh_frame      0x000000000011f020       0x20 binaries/wait.o
                                         0x38 (size before relaxing)
 .eh_frame      0x000000000011f040       0x20 binaries/wakeup.o
                                         0x38 (size before relaxing)
 .eh_frame      0x000000000011f060       0x20 binaries/write.o
                                         0x38 (size before relaxing)
 .eh_frame      0x000000000011f080       0x20 binaries/xdone.o
                                         0x38 (size before relaxing)
 .eh_frame      0x000000000011f0a0       0x20 binaries/yield.o
                                         0x38 (size before relaxing)
 .eh_frame      0x000000000011f0c0       0x20 binaries/abs.o
                                         0x38 (size before relaxing)
 .eh_frame      0x000000000011f0e0       0x20 binaries/atoi.o
                                         0x38 (size before relaxing)
 .eh_frame      0x000000000011f100       0x20 binaries/atol.o
                                         0x38 (size before relaxing)
 .eh_frame      0x000000000011f120       0x20 binaries/bzero.o
                                         0x38 (size before relaxing)
 .eh_frame      0x000000000011f140       0xe4 binaries/doprnt.o
                                         0xfc (size before relaxing)
 .eh_frame      0x000000000011f224       0xb0 binaries/doscan.o
                                         0xc8 (size before relaxing)
 .eh_frame      0x000000000011f2d4       0xc0 binaries/fdoprnt.o
                                         0xd8 (size before relaxing)
 .eh_frame      0x000000000011f394       0x20 binaries/fgetc.o
                                         0x38 (size before relaxing)
 .eh_frame      0x000000000011f3b4       0x20 binaries/fgets.o
                                         0x38 (size before relaxing)
 .eh_frame      0x000000000011f3d4       0x20 binaries/fprintf.o
                                         0x38 (size before relaxing)
 .eh_frame      0x000000000011f3f4       0x20 binaries/fputc.o
                                         0x38 (size before relaxing)
 .eh_frame      0x000000000011f414       0x20 binaries/fputs.o
                                         0x38 (size before relaxing)
 .eh_frame      0x000000000011f434       0x60 binaries/fscanf.o
                                         0x78 (size before relaxing)
 .eh_frame      0x000000000011f494       0x20 binaries/getchar.o
                                         0x38 (size before relaxing)
 .eh_frame      0x000000000011f4b4       0x20 binaries/labs.o
                                         0x38 (size before relaxing)
 .eh_frame      0x000000000011f4d4       0x20 binaries/memcmp.o
                                         0x38 (size before relaxing)
 .eh_frame      0x000000000011f4f4       0x24 binaries/memcpy.o
                                         0x3c (size before relaxing)
 .eh_frame      0x000000000011f518       0x24 binaries/memset.o
                                         0x3c (size before relaxing)
 .eh_frame      0x000000000011f53c       0x20 binaries/printf.o
                                         0x38 (size before relaxing)
 .eh_frame      0x000000000011f55c       0x20 binaries/putchar.o
                                         0x38 (size before relaxing)
 .eh_frame      0x000000000011f57c       0xa8 binaries/qsort.o
                                         0xc0 (size before relaxing)
 .eh_frame      0x000000000011f624       0x60 binaries/rand.o
                                         0x78 (size before relaxing)
 .eh_frame      0x000000000011f684       0x40 binaries/sprintf.o
                                         0x58 (size before relaxing)
 .eh_frame      0x000000000011f6c4       0x60 binaries/sscanf.o
                                         0x78 (size before relaxing)
 .eh_frame      0x000000000011f724       0x20 binaries/strchr.o
                                         0x38 (size before relaxing)
 .eh_frame      0x000000000011f744       0x20 binaries/strcmp.o
                                         0x38 (size before relaxing)
 .eh_frame      0x000000000011f764       0x20 binaries/strcpy.o
                                         0x38 (size before relaxing)
 .eh_frame      0x000000000011f784       0x20 binaries/strlen.o
                                         0x38 (size before relaxing)
 .eh_frame      0x000000000011f7a4       0x20 binaries/strncat.o
                                         0x38 (size before relaxing)
 .eh_frame      0x000000000011f7c4       0x20 binaries/strncmp.o
                                         0x38 (size before relaxing)
 .eh_frame      0x000000000011f7e4       0x28 binaries/strncpy.o
                                         0x40 (size before relaxing)
 .eh_frame      0x000000000011f80c       0x20 binaries/strnlen.o
                                         0x38 (size before relaxing)
 .eh_frame      0x000000000011f82c       0x20 binaries/strrchr.o
                                         0x38 (size before relaxing)
 .eh_frame      0x000000000011f84c       0x20 binaries/strstr.o
                                         0x38 (size before relaxing)
 .eh_frame      0x000000000011f86c       0x20 binaries/ttycontrol.o
                                         0x38 (size before relaxing)
 .eh_frame      0x000000000011f88c       0x20 binaries/ttygetc.o
                                         0x38 (size before relaxing)
 .eh_frame      0x000000000011f8ac       0x80 binaries/ttyhandle_in.o
                                         0x98 (size before relaxing)
 .eh_frame      0x000000000011f92c       0x20 binaries/ttyhandle_out.o
                                         0x38 (size before relaxing)
 .eh_frame      0x000000000011f94c       0x20 binaries/ttyhandler.o
                                         0x38 (size before relaxing)
 .eh_frame      0x000000000011f96c       0x20 binaries/ttyinit.o
                                         0x38 (size before relaxing)
 .eh_frame      0x000000000011f98c       0x20 binaries/ttykickout.o
                                         0x38 (size before relaxing)
 .eh_frame      0x000000000011f9ac       0x20 binaries/ttyputc.o
                                         0x38 (size before relaxing)
 .eh_frame      0x000000000011f9cc       0x28 binaries/ttyread.o
                                         0x40 (size before relaxing)
 .eh_frame      0x000000000011f9f4       0x20 binaries/ttywrite.o
                                         0x38 (size before relaxing)
 .eh_frame      0x000000000011fa14       0x40 binaries/mount.o
                                         0x58 (size before relaxing)
 .eh_frame      0x000000000011fa54       0x20 binaries/naminit.o
                                         0x38 (size before relaxing)
 .eh_frame      0x000000000011fa74       0x60 binaries/nammap.o
                                         0x78 (size before relaxing)
 .eh_frame      0x000000000011fad4       0x20 binaries/namopen.o
                                         0x38 (size before relaxing)
 .eh_frame      0x000000000011faf4      0x150 binaries/82545EMInit.o
                                        0x168 (size before relaxing)
 .eh_frame      0x000000000011fc44       0xa0 binaries/ethcontrol.o
                                         0xb8 (size before relaxing)
 .eh_frame      0x000000000011fce4       0x80 binaries/ethhandler.o
                                         0x98 (size before relaxing)
 .eh_frame      0x000000000011fd64       0x20 binaries/ethinit.o
                                         0x38 (size before relaxing)
 .eh_frame      0x000000000011fd84       0x60 binaries/ethread.o
                                         0x78 (size before relaxing)
 .eh_frame      0x000000000011fde4       0x60 binaries/ethwrite.o
                                         0x78 (size before relaxing)
 .eh_frame      0x000000000011fe44       0x20 binaries/rdscomm.o
                                         0x38 (size before relaxing)
 .eh_frame      0x000000000011fe64       0x20 binaries/rdscontrol.o
                                         0x38 (size before relaxing)
 .eh_frame      0x000000000011fe84       0x20 binaries/rdsinit.o
                                         0x38 (size before relaxing)
 .eh_frame      0x000000000011fea4       0x20 binaries/rdsopen.o
                                         0x38 (size before relaxing)
 .eh_frame      0x000000000011fec4       0x1c binaries/rdsprocess.o
                                         0x34 (size before relaxing)
 .eh_frame      0x000000000011fee0       0xc0 binaries/rdsqfcns.o
                                         0xd8 (size before relaxing)
 .eh_frame      0x000000000011ffa0       0x20 binaries/rdsread.o
                                         0x38 (size before relaxing)
 .eh_frame      0x000000000011ffc0       0x20 binaries/rdssetprio.o
                                         0x38 (size before relaxing)
 .eh_frame      0x000000000011ffe0       0x20 binaries/rdswrite.o
                                         0x38 (size before relaxing)
 .eh_frame      0x0000000000120000       0x20 binaries/ramclose.o
                                         0x38 (size before relaxing)
 .eh_frame      0x0000000000120020       0x20 binaries/raminit.o
                                         0x38 (size before relaxing)
 .eh_frame      0x0000000000120040       0x20 binaries/ramopen.o
                                         0x38 (size before relaxing)
 .eh_frame      0x0000000000120060       0x20 binaries/ramread.o
                                         0x38 (size before relaxing)
 .eh_frame      0x0000000000120080       0x20 binaries/ramwrite.o
                                         0x38 (size before relaxing)
 .eh_frame      0x00000000001200a0       0x20 binaries/lfdballoc.o
                                         0x38 (size before relaxing)
 .eh_frame      0x00000000001200c0       0x20 binaries/lfdbfree.o
                                         0x38 (size before relaxing)
 .eh_frame      0x00000000001200e0       0x20 binaries/lfflush.o
                                         0x38 (size before relaxing)
 .eh_frame      0x0000000000120100       0x20 binaries/lfgetmode.o
                                         0x38 (size before relaxing)
 .eh_frame      0x0000000000120120       0x20 binaries/lfiballoc.o
                                         0x38 (size before relaxing)
 .eh_frame      0x0000000000120140       0x20 binaries/lfibclear.o
                                         0x38 (size before relaxing)
 .eh_frame      0x0000000000120160       0x20 binaries/lfibget.o
                                         0x38 (size before relaxing)
 .eh_frame      0x0000000000120180       0x20 binaries/lfibput.o
                                         0x38 (size before relaxing)
 .eh_frame      0x00000000001201a0       0x20 binaries/lflclose.o
                                         0x38 (size before relaxing)
 .eh_frame      0x00000000001201c0       0x20 binaries/lflcontrol.o
                                         0x38 (size before relaxing)
 .eh_frame      0x00000000001201e0       0x20 binaries/lflgetc.o
                                         0x38 (size before relaxing)
 .eh_frame      0x0000000000120200       0x20 binaries/lflinit.o
                                         0x38 (size before relaxing)
 .eh_frame      0x0000000000120220       0x20 binaries/lflputc.o
                                         0x38 (size before relaxing)
 .eh_frame      0x0000000000120240       0x20 binaries/lflread.o
                                         0x38 (size before relaxing)
 .eh_frame      0x0000000000120260       0x20 binaries/lflseek.o
                                         0x38 (size before relaxing)
 .eh_frame      0x0000000000120280       0x20 binaries/lflwrite.o
                                         0x38 (size before relaxing)
 .eh_frame      0x00000000001202a0       0x20 binaries/lfscheck.o
                                         0x38 (size before relaxing)
 .eh_frame      0x00000000001202c0       0x20 binaries/lfsckfmt.o
                                         0x38 (size before relaxing)
 .eh_frame      0x00000000001202e0       0x20 binaries/lfscreate.o
                                         0x38 (size before relaxing)
 .eh_frame      0x0000000000120300       0x20 binaries/lfsetup.o
                                         0x38 (size before relaxing)
 .eh_frame      0x0000000000120320       0x20 binaries/lfsinit.o
                                         0x38 (size before relaxing)
 .eh_frame      0x0000000000120340       0x20 binaries/lfsopen.o
                                         0x38 (size before relaxing)
 .eh_frame      0x0000000000120360       0x20 binaries/lftruncate.o
                                         0x38 (size before relaxing)
 .eh_frame      0x0000000000120380       0x20 binaries/rflclose.o
                                         0x38 (size before relaxing)
 .eh_frame      0x00000000001203a0       0x20 binaries/rflgetc.o
                                         0x38 (size before relaxing)
 .eh_frame      0x00000000001203c0       0x20 binaries/rflinit.o
                                         0x38 (size before relaxing)
 .eh_frame      0x00000000001203e0       0x20 binaries/rflputc.o
                                         0x38 (size before relaxing)
 .eh_frame      0x0000000000120400       0x20 binaries/rflread.o
                                         0x38 (size before relaxing)
 .eh_frame      0x0000000000120420       0x20 binaries/rflseek.o
                                         0x38 (size before relaxing)
 .eh_frame      0x0000000000120440       0x20 binaries/rflwrite.o
                                         0x38 (size before relaxing)
 .eh_frame      0x0000000000120460       0x20 binaries/rfscomm.o
                                         0x38 (size before relaxing)
 .eh_frame      0x0000000000120480       0x20 binaries/rfscontrol.o
                                         0x38 (size before relaxing)
 .eh_frame      0x00000000001204a0       0x20 binaries/rfsgetmode.o
                                         0x38 (size before relaxing)
 .eh_frame      0x00000000001204c0       0x20 binaries/rfsinit.o
                                         0x38 (size before relaxing)
 .eh_frame      0x00000000001204e0       0x20 binaries/rfsndmsg.o
                                         0x38 (size before relaxing)
 .eh_frame      0x0000000000120500       0x20 binaries/rfsopen.o
                                         0x38 (size before relaxing)
 .eh_frame      0x0000000000120520       0xc0 binaries/arp.o
                                         0xd8 (size before relaxing)
 .eh_frame      0x00000000001205e0       0xa0 binaries/dhcp.o
                                         0xb8 (size before relaxing)
 .eh_frame      0x0000000000120680       0x80 binaries/dns.o
                                         0x98 (size before relaxing)
 .eh_frame      0x0000000000120700       0x20 binaries/dot2ip.o
                                         0x38 (size before relaxing)
 .eh_frame      0x0000000000120720       0x40 binaries/hexdump.o
                                         0x58 (size before relaxing)
 .eh_frame      0x0000000000120760      0x150 binaries/icmp.o
                                        0x168 (size before relaxing)
 .eh_frame      0x00000000001208b0      0x11c binaries/ip.o
                                        0x134 (size before relaxing)
 .eh_frame      0x00000000001209cc       0xa0 binaries/net.o
                                         0xb8 (size before relaxing)
 .eh_frame      0x0000000000120a6c       0x60 binaries/pdump.o
                                         0x78 (size before relaxing)
 .eh_frame      0x0000000000120acc       0x60 binaries/tftp.o
                                         0x78 (size before relaxing)
 .eh_frame      0x0000000000120b2c      0x140 binaries/udp.o
                                        0x158 (size before relaxing)
 .eh_frame      0x0000000000120c6c       0x20 binaries/addargs.o
                                         0x38 (size before relaxing)
 .eh_frame      0x0000000000120c8c       0x20 binaries/lexan.o
                                         0x38 (size before relaxing)
 .eh_frame      0x0000000000120cac       0x20 binaries/shell.o
                                         0x38 (size before relaxing)
 .eh_frame      0x0000000000120ccc       0x20 binaries/xsh_argecho.o
                                         0x38 (size before relaxing)
 .eh_frame      0x0000000000120cec       0x40 binaries/xsh_arp.o
                                         0x58 (size before relaxing)
 .eh_frame      0x0000000000120d2c       0x20 binaries/xsh_cat.o
                                         0x38 (size before relaxing)
 .eh_frame      0x0000000000120d4c       0x20 binaries/xsh_clear.o
                                         0x38 (size before relaxing)
 .eh_frame      0x0000000000120d6c       0x20 binaries/xsh_date.o
                                         0x38 (size before relaxing)
 .eh_frame      0x0000000000120d8c       0x20 binaries/xsh_devdump.o
                                         0x38 (size before relaxing)
 .eh_frame      0x0000000000120dac       0x20 binaries/xsh_echo.o
                                         0x38 (size before relaxing)
 .eh_frame      0x0000000000120dcc       0x20 binaries/xsh_exit.o
                                         0x38 (size before relaxing)
 .eh_frame      0x0000000000120dec       0x2c binaries/xsh_help.o
                                         0x44 (size before relaxing)
 .eh_frame      0x0000000000120e18       0x20 binaries/xsh_kill.o
                                         0x38 (size before relaxing)
 .eh_frame      0x0000000000120e38       0x2c binaries/xsh_ls.o
                                         0x44 (size before relaxing)
 .eh_frame      0x0000000000120e64       0x40 binaries/xsh_memdump.o
                                         0x58 (size before relaxing)
 .eh_frame      0x0000000000120ea4       0x60 binaries/xsh_memstat.o
                                         0x78 (size before relaxing)
 .eh_frame      0x0000000000120f04       0x30 binaries/xsh_netinfo.o
                                         0x48 (size before relaxing)
 .eh_frame      0x0000000000120f34       0x30 binaries/xsh_ns.o
                                         0x48 (size before relaxing)
 .eh_frame      0x0000000000120f64       0x28 binaries/xsh_ping.o
                                         0x40 (size before relaxing)
 .eh_frame      0x0000000000120f8c       0x30 binaries/xsh_ps.o
                                         0x48 (size before relaxing)
 .eh_frame      0x0000000000120fbc       0x20 binaries/xsh_sleep.o
                                         0x38 (size before relaxing)
 .eh_frame      0x0000000000120fdc       0x20 binaries/xsh_udpdump.o
                                         0x38 (size before relaxing)
 .eh_frame      0x0000000000120ffc       0x30 binaries/xsh_udpecho.o
                                         0x48 (size before relaxing)
 .eh_frame      0x000000000012102c       0x28 binaries/xsh_udpserver.o
                                         0x40 (size before relaxing)
 .eh_frame      0x0000000000121054       0x20 binaries/xsh_uptime.o
                                         0x38 (size before relaxing)

.iplt           0x0000000000121074        0x0
 .iplt          0x0000000000121074        0x0 binaries/start.o

.rel.dyn        0x0000000000121074        0x0
 .rel.got       0x0000000000121074        0x0 binaries/start.o
 .rel.iplt      0x0000000000121074        0x0 binaries/start.o
 .rel.text      0x0000000000121074        0x0 binaries/start.o

.data           0x0000000000121080      0xf80
                0x0000000000121080                data = ABSOLUTE (.)
 *(.data .data.*)
 .data          0x0000000000121080      0x460 binaries/start.o
                0x0000000000121080                gdt
                0x00000000001210c0                gdtr
                0x00000000001210c6                idt
                0x00000000001214c6                idtr
                0x00000000001214cc                cpudelay
                0x00000000001214d0                _bootdev
                0x00000000001214d4                _cyloffset
 .data          0x00000000001214e0        0x0 binaries/active_lock.o
 .data          0x00000000001214e0       0x88 binaries/ascdate.o
                0x00000000001214e0                Date
 .data          0x0000000000121568        0x0 binaries/bufinit.o
[...]
 .comment       0x0000000000000023       0x24 binaries/addargs.o
 .comment       0x0000000000000023       0x24 binaries/lexan.o
 .comment       0x0000000000000023       0x24 binaries/shell.o
 .comment       0x0000000000000023       0x24 binaries/xsh_argecho.o
 .comment       0x0000000000000023       0x24 binaries/xsh_arp.o
 .comment       0x0000000000000023       0x24 binaries/xsh_cat.o
 .comment       0x0000000000000023       0x24 binaries/xsh_clear.o
 .comment       0x0000000000000023       0x24 binaries/xsh_date.o
 .comment       0x0000000000000023       0x24 binaries/xsh_devdump.o
 .comment       0x0000000000000023       0x24 binaries/xsh_echo.o
 .comment       0x0000000000000023       0x24 binaries/xsh_exit.o
 .comment       0x0000000000000023       0x24 binaries/xsh_help.o
 .comment       0x0000000000000023       0x24 binaries/xsh_kill.o
 .comment       0x0000000000000023       0x24 binaries/xsh_ls.o
 .comment       0x0000000000000023       0x24 binaries/xsh_memdump.o
 .comment       0x0000000000000023       0x24 binaries/xsh_memstat.o
 .comment       0x0000000000000023       0x24 binaries/xsh_netinfo.o
 .comment       0x0000000000000023       0x24 binaries/xsh_ns.o
 .comment       0x0000000000000023       0x24 binaries/xsh_ping.o
 .comment       0x0000000000000023       0x24 binaries/xsh_ps.o
 .comment       0x0000000000000023       0x24 binaries/xsh_sleep.o
 .comment       0x0000000000000023       0x24 binaries/xsh_udpdump.o
 .comment       0x0000000000000023       0x24 binaries/xsh_udpecho.o
 .comment       0x0000000000000023       0x24 binaries/xsh_udpserver.o
 .comment       0x0000000000000023       0x24 binaries/xsh_uptime.o

.note.GNU-stack
                0x0000000000000000        0x0
 .note.GNU-stack
                0x0000000000000000        0x0 binaries/active_lock.o
 .note.GNU-stack
                0x0000000000000000        0x0 binaries/ascdate.o
 .note.GNU-stack
                0x0000000000000000        0x0 binaries/bufinit.o
 .note.GNU-stack
                0x0000000000000000        0x0 binaries/chprio.o
 .note.GNU-stack
                0x0000000000000000        0x0 binaries/clkhandler.o
 .note.GNU-stack
                0x0000000000000000        0x0 binaries/clkinit.o
 .note.GNU-stack
                0x0000000000000000        0x0 binaries/close.o
 .note.GNU-stack
                0x0000000000000000        0x0 binaries/conf.o
 .note.GNU-stack
                0x0000000000000000        0x0 binaries/control.o
 .note.GNU-stack
                0x0000000000000000        0x0 binaries/create.o
 .note.GNU-stack
                0x0000000000000000        0x0 binaries/evec.o
 .note.GNU-stack
                0x0000000000000000        0x0 binaries/exit.o
 .note.GNU-stack
                0x0000000000000000        0x0 binaries/freebuf.o
 .note.GNU-stack
                0x0000000000000000        0x0 binaries/freemem.o
 .note.GNU-stack
                0x0000000000000000        0x0 binaries/getbuf.o
 .note.GNU-stack
                0x0000000000000000        0x0 binaries/getc.o
 .note.GNU-stack
                0x0000000000000000        0x0 binaries/getdev.o
 .note.GNU-stack
                0x0000000000000000        0x0 binaries/getitem.o
 .note.GNU-stack
                0x0000000000000000        0x0 binaries/getmem.o
 .note.GNU-stack
                0x0000000000000000        0x0 binaries/getpid.o
 .note.GNU-stack
                0x0000000000000000        0x0 binaries/getprio.o
 .note.GNU-stack
                0x0000000000000000        0x0 binaries/getstk.o
 .note.GNU-stack
                0x0000000000000000        0x0 binaries/getticks.o
 .note.GNU-stack
                0x0000000000000000        0x0 binaries/gettime.o
 .note.GNU-stack
                0x0000000000000000        0x0 binaries/getutime.o
 .note.GNU-stack
                0x0000000000000000        0x0 binaries/i386.o
 .note.GNU-stack
                0x0000000000000000        0x0 binaries/init.o
 .note.GNU-stack
                0x0000000000000000        0x0 binaries/initialize.o
 .note.GNU-stack
                0x0000000000000000        0x0 binaries/insert.o
 .note.GNU-stack
                0x0000000000000000        0x0 binaries/insertd.o
 .note.GNU-stack
                0x0000000000000000        0x0 binaries/ioerr.o
 .note.GNU-stack
                0x0000000000000000        0x0 binaries/ionull.o
 .note.GNU-stack
                0x0000000000000000        0x0 binaries/kill.o
 .note.GNU-stack
                0x0000000000000000        0x0 binaries/kprintf.o
 .note.GNU-stack
                0x0000000000000000        0x0 binaries/lock.o
 .note.GNU-stack
                0x0000000000000000        0x0 binaries/main.o
 .note.GNU-stack
                0x0000000000000000        0x0 binaries/main-deadlock.o
 .note.GNU-stack
                0x0000000000000000        0x0 binaries/mark.o
 .note.GNU-stack
                0x0000000000000000        0x0 binaries/meminit.o
 .note.GNU-stack
                0x0000000000000000        0x0 binaries/mkbufpool.o
 .note.GNU-stack
                0x0000000000000000        0x0 binaries/newqueue.o
 .note.GNU-stack
                0x0000000000000000        0x0 binaries/open.o
 .note.GNU-stack
                0x0000000000000000        0x0 binaries/panic.o
 .note.GNU-stack
                0x0000000000000000        0x0 binaries/park.o
 .note.GNU-stack
                0x0000000000000000        0x0 binaries/pci.o
 .note.GNU-stack
                0x0000000000000000        0x0 binaries/pi_lock.o
 .note.GNU-stack
                0x0000000000000000        0x0 binaries/ptclear.o
 .note.GNU-stack
                0x0000000000000000        0x0 binaries/ptcount.o
 .note.GNU-stack
                0x0000000000000000        0x0 binaries/ptcreate.o
 .note.GNU-stack
                0x0000000000000000        0x0 binaries/ptdelete.o
 .note.GNU-stack
                0x0000000000000000        0x0 binaries/ptinit.o
 .note.GNU-stack
                0x0000000000000000        0x0 binaries/ptrecv.o
 .note.GNU-stack
                0x0000000000000000        0x0 binaries/ptreset.o
 .note.GNU-stack
                0x0000000000000000        0x0 binaries/ptsend.o
 .note.GNU-stack
                0x0000000000000000        0x0 binaries/putc.o
 .note.GNU-stack
                0x0000000000000000        0x0 binaries/queue.o
 .note.GNU-stack
                0x0000000000000000        0x0 binaries/read.o
 .note.GNU-stack
                0x0000000000000000        0x0 binaries/ready.o
 .note.GNU-stack
                0x0000000000000000        0x0 binaries/receive.o
 .note.GNU-stack
                0x0000000000000000        0x0 binaries/recvclr.o
 .note.GNU-stack
                0x0000000000000000        0x0 binaries/recvtime.o
 .note.GNU-stack
                0x0000000000000000        0x0 binaries/resched.o
 .note.GNU-stack
                0x0000000000000000        0x0 binaries/resume.o
 .note.GNU-stack
                0x0000000000000000        0x0 binaries/seek.o
 .note.GNU-stack
                0x0000000000000000        0x0 binaries/semcount.o
 .note.GNU-stack
                0x0000000000000000        0x0 binaries/semcreate.o
 .note.GNU-stack
                0x0000000000000000        0x0 binaries/semdelete.o
 .note.GNU-stack
                0x0000000000000000        0x0 binaries/semreset.o
 .note.GNU-stack
                0x0000000000000000        0x0 binaries/send.o
 .note.GNU-stack
                0x0000000000000000        0x0 binaries/signal.o
 .note.GNU-stack
                0x0000000000000000        0x0 binaries/signaln.o
 .note.GNU-stack
                0x0000000000000000        0x0 binaries/sleep.o
 .note.GNU-stack
                0x0000000000000000        0x0 binaries/spinlock.o
 .note.GNU-stack
                0x0000000000000000        0x0 binaries/stacktrace.o
 .note.GNU-stack
                0x0000000000000000        0x0 binaries/suspend.o
 .note.GNU-stack
                0x0000000000000000        0x0 binaries/unsleep.o
 .note.GNU-stack
                0x0000000000000000        0x0 binaries/userret.o
 .note.GNU-stack
                0x0000000000000000        0x0 binaries/wait.o
 .note.GNU-stack
                0x0000000000000000        0x0 binaries/wakeup.o
 .note.GNU-stack
                0x0000000000000000        0x0 binaries/write.o
 .note.GNU-stack
                0x0000000000000000        0x0 binaries/xdone.o
 .note.GNU-stack
                0x0000000000000000        0x0 binaries/yield.o
 .note.GNU-stack
                0x0000000000000000        0x0 binaries/abs.o
 .note.GNU-stack
                0x0000000000000000        0x0 binaries/atoi.o
 .note.GNU-stack
                0x0000000000000000        0x0 binaries/atol.o
 .note.GNU-stack
                0x0000000000000000        0x0 binaries/bzero.o
 .note.GNU-stack
                0x0000000000000000        0x0 binaries/ctype_.o
 .note.GNU-stack
                0x0000000000000000        0x0 binaries/doprnt.o
 .note.GNU-stack
                0x0000000000000000        0x0 binaries/doscan.o
 .note.GNU-stack
                0x0000000000000000        0x0 binaries/fdoprnt.o
 .note.GNU-stack
                0x0000000000000000        0x0 binaries/fgetc.o
 .note.GNU-stack
                0x0000000000000000        0x0 binaries/fgets.o
 .note.GNU-stack
                0x0000000000000000        0x0 binaries/fprintf.o
 .note.GNU-stack
                0x0000000000000000        0x0 binaries/fputc.o
 .note.GNU-stack
                0x0000000000000000        0x0 binaries/fputs.o
 .note.GNU-stack
                0x0000000000000000        0x0 binaries/fscanf.o
 .note.GNU-stack
                0x0000000000000000        0x0 binaries/getchar.o
 .note.GNU-stack
                0x0000000000000000        0x0 binaries/labs.o
 .note.GNU-stack
                0x0000000000000000        0x0 binaries/memcmp.o
 .note.GNU-stack
                0x0000000000000000        0x0 binaries/memcpy.o
 .note.GNU-stack
                0x0000000000000000        0x0 binaries/memset.o
 .note.GNU-stack
                0x0000000000000000        0x0 binaries/printf.o
 .note.GNU-stack
                0x0000000000000000        0x0 binaries/putchar.o
 .note.GNU-stack
                0x0000000000000000        0x0 binaries/qsort.o
 .note.GNU-stack
                0x0000000000000000        0x0 binaries/rand.o
 .note.GNU-stack
                0x0000000000000000        0x0 binaries/sprintf.o
 .note.GNU-stack
                0x0000000000000000        0x0 binaries/sscanf.o
 .note.GNU-stack
                0x0000000000000000        0x0 binaries/strchr.o
 .note.GNU-stack
                0x0000000000000000        0x0 binaries/strcmp.o
 .note.GNU-stack
                0x0000000000000000        0x0 binaries/strcpy.o
 .note.GNU-stack
                0x0000000000000000        0x0 binaries/strlen.o
 .note.GNU-stack
                0x0000000000000000        0x0 binaries/strncat.o
 .note.GNU-stack
                0x0000000000000000        0x0 binaries/strncmp.o
 .note.GNU-stack
                0x0000000000000000        0x0 binaries/strncpy.o
 .note.GNU-stack
                0x0000000000000000        0x0 binaries/strnlen.o
 .note.GNU-stack
                0x0000000000000000        0x0 binaries/strrchr.o
 .note.GNU-stack
                0x0000000000000000        0x0 binaries/strstr.o
 .note.GNU-stack
                0x0000000000000000        0x0 binaries/ttycontrol.o
 .note.GNU-stack
                0x0000000000000000        0x0 binaries/ttygetc.o
 .note.GNU-stack
                0x0000000000000000        0x0 binaries/ttyhandle_in.o
 .note.GNU-stack
                0x0000000000000000        0x0 binaries/ttyhandle_out.o
 .note.GNU-stack
                0x0000000000000000        0x0 binaries/ttyhandler.o
 .note.GNU-stack
                0x0000000000000000        0x0 binaries/ttyinit.o
 .note.GNU-stack
                0x0000000000000000        0x0 binaries/ttykickout.o
 .note.GNU-stack
                0x0000000000000000        0x0 binaries/ttyputc.o
 .note.GNU-stack
                0x0000000000000000        0x0 binaries/ttyread.o
 .note.GNU-stack
                0x0000000000000000        0x0 binaries/ttywrite.o
 .note.GNU-stack
                0x0000000000000000        0x0 binaries/mount.o
 .note.GNU-stack
                0x0000000000000000        0x0 binaries/naminit.o
 .note.GNU-stack
                0x0000000000000000        0x0 binaries/nammap.o
 .note.GNU-stack
                0x0000000000000000        0x0 binaries/namopen.o
 .note.GNU-stack
                0x0000000000000000        0x0 binaries/82545EMInit.o
 .note.GNU-stack
                0x0000000000000000        0x0 binaries/ethcontrol.o
 .note.GNU-stack
                0x0000000000000000        0x0 binaries/ethhandler.o
 .note.GNU-stack
                0x0000000000000000        0x0 binaries/ethinit.o
 .note.GNU-stack
                0x0000000000000000        0x0 binaries/ethread.o
 .note.GNU-stack
                0x0000000000000000        0x0 binaries/ethwrite.o
 .note.GNU-stack
                0x0000000000000000        0x0 binaries/rdscomm.o
 .note.GNU-stack
                0x0000000000000000        0x0 binaries/rdscontrol.o
 .note.GNU-stack
                0x0000000000000000        0x0 binaries/rdsinit.o
 .note.GNU-stack
                0x0000000000000000        0x0 binaries/rdsopen.o
 .note.GNU-stack
                0x0000000000000000        0x0 binaries/rdsprocess.o
 .note.GNU-stack
                0x0000000000000000        0x0 binaries/rdsqfcns.o
 .note.GNU-stack
                0x0000000000000000        0x0 binaries/rdsread.o
 .note.GNU-stack
                0x0000000000000000        0x0 binaries/rdssetprio.o
 .note.GNU-stack
                0x0000000000000000        0x0 binaries/rdswrite.o
 .note.GNU-stack
                0x0000000000000000        0x0 binaries/ramclose.o
 .note.GNU-stack
                0x0000000000000000        0x0 binaries/raminit.o
 .note.GNU-stack
                0x0000000000000000        0x0 binaries/ramopen.o
 .note.GNU-stack
                0x0000000000000000        0x0 binaries/ramread.o
 .note.GNU-stack
                0x0000000000000000        0x0 binaries/ramwrite.o
 .note.GNU-stack
                0x0000000000000000        0x0 binaries/lfdballoc.o
 .note.GNU-stack
                0x0000000000000000        0x0 binaries/lfdbfree.o
 .note.GNU-stack
                0x0000000000000000        0x0 binaries/lfflush.o
 .note.GNU-stack
                0x0000000000000000        0x0 binaries/lfgetmode.o
 .note.GNU-stack
                0x0000000000000000        0x0 binaries/lfiballoc.o
 .note.GNU-stack
                0x0000000000000000        0x0 binaries/lfibclear.o
 .note.GNU-stack
                0x0000000000000000        0x0 binaries/lfibget.o
 .note.GNU-stack
                0x0000000000000000        0x0 binaries/lfibput.o
 .note.GNU-stack
                0x0000000000000000        0x0 binaries/lflclose.o
 .note.GNU-stack
                0x0000000000000000        0x0 binaries/lflcontrol.o
 .note.GNU-stack
                0x0000000000000000        0x0 binaries/lflgetc.o
 .note.GNU-stack
                0x0000000000000000        0x0 binaries/lflinit.o
 .note.GNU-stack
                0x0000000000000000        0x0 binaries/lflputc.o
 .note.GNU-stack
                0x0000000000000000        0x0 binaries/lflread.o
 .note.GNU-stack
                0x0000000000000000        0x0 binaries/lflseek.o
 .note.GNU-stack
                0x0000000000000000        0x0 binaries/lflwrite.o
 .note.GNU-stack
                0x0000000000000000        0x0 binaries/lfscheck.o
 .note.GNU-stack
                0x0000000000000000        0x0 binaries/lfsckfmt.o
 .note.GNU-stack
                0x0000000000000000        0x0 binaries/lfscreate.o
 .note.GNU-stack
                0x0000000000000000        0x0 binaries/lfsetup.o
 .note.GNU-stack
                0x0000000000000000        0x0 binaries/lfsinit.o
 .note.GNU-stack
                0x0000000000000000        0x0 binaries/lfsopen.o
 .note.GNU-stack
                0x0000000000000000        0x0 binaries/lftruncate.o
 .note.GNU-stack
                0x0000000000000000        0x0 binaries/rflclose.o
 .note.GNU-stack
                0x0000000000000000        0x0 binaries/rflgetc.o
 .note.GNU-stack
                0x0000000000000000        0x0 binaries/rflinit.o
 .note.GNU-stack
                0x0000000000000000        0x0 binaries/rflputc.o
 .note.GNU-stack
                0x0000000000000000        0x0 binaries/rflread.o
 .note.GNU-stack
                0x0000000000000000        0x0 binaries/rflseek.o
 .note.GNU-stack
                0x0000000000000000        0x0 binaries/rflwrite.o
 .note.GNU-stack
                0x0000000000000000        0x0 binaries/rfscomm.o
 .note.GNU-stack
                0x0000000000000000        0x0 binaries/rfscontrol.o
 .note.GNU-stack
                0x0000000000000000        0x0 binaries/rfsgetmode.o
 .note.GNU-stack
                0x0000000000000000        0x0 binaries/rfsinit.o
 .note.GNU-stack
                0x0000000000000000        0x0 binaries/rfsndmsg.o
 .note.GNU-stack
                0x0000000000000000        0x0 binaries/rfsopen.o
 .note.GNU-stack
                0x0000000000000000        0x0 binaries/arp.o
 .note.GNU-stack
                0x0000000000000000        0x0 binaries/dhcp.o
 .note.GNU-stack
                0x0000000000000000        0x0 binaries/dns.o
 .note.GNU-stack
                0x0000000000000000        0x0 binaries/dot2ip.o
 .note.GNU-stack
                0x0000000000000000        0x0 binaries/hexdump.o
 .note.GNU-stack
                0x0000000000000000        0x0 binaries/icmp.o
 .note.GNU-stack
                0x0000000000000000        0x0 binaries/ip.o
 .note.GNU-stack
                0x0000000000000000        0x0 binaries/net.o
 .note.GNU-stack
                0x0000000000000000        0x0 binaries/pdump.o
 .note.GNU-stack
                0x0000000000000000        0x0 binaries/tftp.o
 .note.GNU-stack
                0x0000000000000000        0x0 binaries/udp.o
 .note.GNU-stack
                0x0000000000000000        0x0 binaries/addargs.o
 .note.GNU-stack
                0x0000000000000000        0x0 binaries/lexan.o
 .note.GNU-stack
                0x0000000000000000        0x0 binaries/shell.o
 .note.GNU-stack
                0x0000000000000000        0x0 binaries/xsh_argecho.o
 .note.GNU-stack
                0x0000000000000000        0x0 binaries/xsh_arp.o
 .note.GNU-stack
                0x0000000000000000        0x0 binaries/xsh_cat.o
 .note.GNU-stack
                0x0000000000000000        0x0 binaries/xsh_clear.o
 .note.GNU-stack
                0x0000000000000000        0x0 binaries/xsh_date.o
 .note.GNU-stack
                0x0000000000000000        0x0 binaries/xsh_devdump.o
 .note.GNU-stack
                0x0000000000000000        0x0 binaries/xsh_echo.o
 .note.GNU-stack
                0x0000000000000000        0x0 binaries/xsh_exit.o
 .note.GNU-stack
                0x0000000000000000        0x0 binaries/xsh_help.o
 .note.GNU-stack
                0x0000000000000000        0x0 binaries/xsh_kill.o
 .note.GNU-stack
                0x0000000000000000        0x0 binaries/xsh_ls.o
 .note.GNU-stack
                0x0000000000000000        0x0 binaries/xsh_memdump.o
 .note.GNU-stack
                0x0000000000000000        0x0 binaries/xsh_memstat.o
 .note.GNU-stack
                0x0000000000000000        0x0 binaries/xsh_netinfo.o
 .note.GNU-stack
                0x0000000000000000        0x0 binaries/xsh_ns.o
 .note.GNU-stack
                0x0000000000000000        0x0 binaries/xsh_ping.o
 .note.GNU-stack
                0x0000000000000000        0x0 binaries/xsh_ps.o
 .note.GNU-stack
                0x0000000000000000        0x0 binaries/xsh_sleep.o
 .note.GNU-stack
                0x0000000000000000        0x0 binaries/xsh_udpdump.o
 .note.GNU-stack
                0x0000000000000000        0x0 binaries/xsh_udpecho.o
 .note.GNU-stack
                0x0000000000000000        0x0 binaries/xsh_udpserver.o
 .note.GNU-stack
                0x0000000000000000        0x0 binaries/xsh_uptime.o
