
Allocating common symbols
Common symbol       size              file

netbufpool          0x4               binaries/net.o
readylist           0x2               binaries/ready.o
rfltab              0x5a0             binaries/rflinit.o
netportseed         0x8               binaries/net.o
sleepq              0x2               binaries/clkinit.o
nnames              0x4               binaries/naminit.o
udptab              0x168             binaries/udp.o
minheap             0x4               binaries/meminit.o
marks               0x50              binaries/mark.o
currpid             0x4               binaries/initialize.o
Lf_data             0x20c             binaries/lfsinit.o
porttab             0x2d0             binaries/ptinit.o
girmask             0x2               binaries/evec.o
ttytab              0x110             binaries/ttyinit.o
proctab             0x1db0            binaries/initialize.o
prcount             0x4               binaries/initialize.o
prptr               0x4               binaries/park.o
lfltab              0xf00             binaries/lflinit.o
rdstab              0x7c              binaries/rdsinit.o
ethertab            0x130             binaries/ethinit.o
NetData             0xb0              binaries/net.o
nmarks              0x4               binaries/mark.o
initsp              0x4               binaries/i386.o
Defer               0x8               binaries/resched.o
semtab              0x4b0             binaries/initialize.o
maxheap             0x4               binaries/meminit.o
preempt             0x4               binaries/clkinit.o
buftab              0xf0              binaries/bufinit.o
locklist            0x2               binaries/lock.o
Rf_data             0x18              binaries/rfsinit.o
mkmutex             0x4               binaries/mark.o
ctr1000             0x4               binaries/clkinit.o
clktime             0x4               binaries/clkinit.o
arpcache            0x140             binaries/arp.o
icmptab             0x230             binaries/icmp.o
nbpools             0x4               binaries/bufinit.o
queuetab            0x990             binaries/queue.o
ptnextid            0x4               binaries/ptinit.o
Ram                 0x19000           binaries/raminit.o
ipoqueue            0x2c              binaries/ip.o
memlist             0x8               binaries/initialize.o
nametab             0x5200            binaries/naminit.o
ptfree              0x4               binaries/ptinit.o

Memory Configuration

Name             Origin             Length             Attributes
*default*        0x0000000000000000 0xffffffffffffffff

Linker script and memory map

                0x0000000000100000                physbase = 0x100000
                0x0000000000100000                . = physbase
                0x0000000000100000                . = ALIGN (0x1000)

.text           0x0000000000100000    0x1d000
                0x0000000000100000                text = ABSOLUTE (.)
 *(.text .text.*)
 .text          0x0000000000100000      0x165 binaries/start.o
                0x0000000000100020                entry
                0x000000000010003d                start
                0x00000000001000a5                inb
                0x00000000001000ad                inw
                0x00000000001000b6                inl
                0x00000000001000be                outb
                0x00000000001000c8                outw
                0x00000000001000d3                outl
                0x00000000001000dd                _rtcin
                0x00000000001000e8                ___udivsi3
                0x00000000001000f3                ___divsi3
                0x00000000001000ff                sbzero
                0x000000000010010f                bcopy
                0x0000000000100123                insw
                0x0000000000100139                outsw
                0x000000000010014f                lidt
                0x0000000000100157                jumptocode
                0x000000000010015e                jumptobootcode
 .text          0x0000000000100165      0x36c binaries/active_lock.o
                0x0000000000100165                al_initlock
                0x00000000001001c9                al_lock
                0x00000000001003ab                al_unlock
                0x0000000000100467                al_trylock
 .text          0x00000000001004d1      0x405 binaries/ascdate.o
                0x00000000001004d1                ascdate
 .text          0x00000000001008d6       0x14 binaries/bufinit.o
                0x00000000001008d6                bufinit
 .text          0x00000000001008ea       0x8f binaries/chprio.o
                0x00000000001008ea                chprio
 .text          0x0000000000100979       0xd4 binaries/clkhandler.o
                0x0000000000100979                clkhandler
 .text          0x0000000000100a4d       0x93 binaries/clkinit.o
                0x0000000000100a4d                clkinit
 .text          0x0000000000100ae0       0x6a binaries/close.o
                0x0000000000100ae0                close
 .text          0x0000000000100b4a        0x0 binaries/conf.o
 .text          0x0000000000100b4a       0x7f binaries/control.o
                0x0000000000100b4a                control
 .text          0x0000000000100bc9      0x2c1 binaries/create.o
                0x0000000000100bc9                create
 .text          0x0000000000100e8a      0x36d binaries/evec.o
                0x0000000000100e8a                initevec
                0x0000000000100ee0                set_evec
                0x0000000000100f82                trap
 .text          0x00000000001011f7       0x15 binaries/exit.o
                0x00000000001011f7                exit
 .text          0x000000000010120c       0x82 binaries/freebuf.o
                0x000000000010120c                freebuf
 .text          0x000000000010128e      0x167 binaries/freemem.o
                0x000000000010128e                freemem
 .text          0x00000000001013f5       0x80 binaries/getbuf.o
                0x00000000001013f5                getbuf
 .text          0x0000000000101475       0x6a binaries/getc.o
                0x0000000000101475                getc
 .text          0x00000000001014df       0x72 binaries/getdev.o
                0x00000000001014df                getdev
 .text          0x0000000000101551       0xc8 binaries/getitem.o
                0x0000000000101551                getfirst
                0x0000000000101592                getlast
                0x00000000001015d5                getitem
 .text          0x0000000000101619       0xfb binaries/getmem.o
                0x0000000000101619                getmem
 .text          0x0000000000101714        0xa binaries/getpid.o
                0x0000000000101714                getpid
 .text          0x000000000010171e       0x77 binaries/getprio.o
                0x000000000010171e                getprio
 .text          0x0000000000101795       0xf2 binaries/getstk.o
                0x0000000000101795                getstk
 .text          0x0000000000101887       0x16 binaries/getticks.o
                0x0000000000101887                getticks
 .text          0x000000000010189d       0x36 binaries/gettime.o
                0x000000000010189d                gettime
 .text          0x00000000001018d3      0x1f9 binaries/getutime.o
                0x00000000001018d3                getutime
 .text          0x0000000000101acc      0x409 binaries/i386.o
                0x0000000000101acc                setsegs
                0x0000000000101be3                init8259
                0x0000000000101cb8                pseg
                0x0000000000101e7b                setirmask
 .text          0x0000000000101ed5       0x6a binaries/init.o
                0x0000000000101ed5                init
 .text          0x0000000000101f3f      0x3f9 binaries/initialize.o
                0x0000000000101f3f                nulluser
                0x00000000001022e3                stop
                0x000000000010230a                delay
 .text          0x0000000000102338      0x1dc binaries/insert.o
                0x0000000000102338                insert
                0x0000000000102416                insert_lock
 .text          0x0000000000102514      0x110 binaries/insertd.o
                0x0000000000102514                insertd
 .text          0x0000000000102624        0xa binaries/ioerr.o
                0x0000000000102624                ioerr
 .text          0x000000000010262e        0xa binaries/ionull.o
                0x000000000010262e                ionull
 .text          0x0000000000102638      0x189 binaries/kill.o
                0x0000000000102638                kill
 .text          0x00000000001027c1      0x208 binaries/kprintf.o
                0x00000000001027c1                kputc
                0x000000000010286a                kgetc
                0x000000000010290f                kprintf
                0x000000000010293c                print_lock_list
 .text          0x00000000001029c9      0x1bb binaries/lock.o
                0x00000000001029c9                initlock
                0x00000000001029fd                lock
                0x0000000000102abd                unlock
 .text          0x0000000000102b84      0x4d2 binaries/main.o
                0x0000000000102b84                sync_printf
                0x0000000000102c36                increment
                0x0000000000102c94                nthreads
                0x0000000000102dbc                main
 .text          0x0000000000103056       0xac binaries/mark.o
                0x0000000000103056                markinit
                0x0000000000103079                mark
 .text          0x0000000000103102       0xca binaries/meminit.o
                0x0000000000103102                meminit
 .text          0x00000000001031cc      0x15f binaries/mkbufpool.o
                0x00000000001031cc                mkbufpool
 .text          0x000000000010332b       0x94 binaries/newqueue.o
                0x000000000010332b                newqueue
 .text          0x00000000001033bf       0x78 binaries/open.o
                0x00000000001033bf                open
 .text          0x0000000000103437       0x20 binaries/panic.o
                0x0000000000103437                panic
 .text          0x0000000000103457      0x11d binaries/park.o
                0x0000000000103457                park
                0x00000000001034b8                unpark
                0x000000000010352f                setpark
 .text          0x0000000000103574      0x498 binaries/pci.o
                0x0000000000103574                pci_init
                0x0000000000103840                find_pci_device
                0x000000000010388e                pci_bios_read_config_byte
                0x00000000001038cd                pci_bios_read_config_word
                0x000000000010390f                pci_bios_read_config_dword
                0x000000000010394e                pci_bios_write_config_byte
                0x000000000010398f                pci_bios_write_config_word
                0x00000000001039d1                pci_bios_write_config_dword
 .text          0x0000000000103a0c       0xe6 binaries/ptclear.o
                0x0000000000103a0c                _ptclear
 .text          0x0000000000103af2       0x8f binaries/ptcount.o
                0x0000000000103af2                ptcount
 .text          0x0000000000103b81      0x105 binaries/ptcreate.o
                0x0000000000103b81                ptcreate
 .text          0x0000000000103c86       0x80 binaries/ptdelete.o
                0x0000000000103c86                ptdelete
 .text          0x0000000000103d06       0xb7 binaries/ptinit.o
                0x0000000000103d06                ptinit
 .text          0x0000000000103dbd      0x10a binaries/ptrecv.o
                0x0000000000103dbd                ptrecv
 .text          0x0000000000103ec7       0x78 binaries/ptreset.o
                0x0000000000103ec7                ptreset
 .text          0x0000000000103f3f      0x128 binaries/ptsend.o
                0x0000000000103f3f                ptsend
 .text          0x0000000000104067       0x78 binaries/putc.o
                0x0000000000104067                putc
 .text          0x00000000001040df      0x10d binaries/queue.o
                0x00000000001040df                enqueue
                0x0000000000104183                dequeue
 .text          0x00000000001041ec       0x78 binaries/read.o
                0x00000000001041ec                read
 .text          0x0000000000104264       0x84 binaries/ready.o
                0x0000000000104264                ready
 .text          0x00000000001042e8       0x61 binaries/receive.o
                0x00000000001042e8                receive
 .text          0x0000000000104349       0x5d binaries/recvclr.o
                0x0000000000104349                recvclr
 .text          0x00000000001043a6       0xbc binaries/recvtime.o
                0x00000000001043a6                recvtime
 .text          0x0000000000104462      0x188 binaries/resched.o
                0x0000000000104462                resched
                0x0000000000104575                resched_cntl
 .text          0x00000000001045ea       0xa6 binaries/resume.o
                0x00000000001045ea                resume
 .text          0x0000000000104690       0x71 binaries/seek.o
                0x0000000000104690                seek
 .text          0x0000000000104701       0x69 binaries/semcount.o
                0x0000000000104701                semcount
 .text          0x000000000010476a       0xcf binaries/semcreate.o
                0x000000000010476a                semcreate
 .text          0x0000000000104839       0xba binaries/semdelete.o
                0x0000000000104839                semdelete
 .text          0x00000000001048f3       0xbc binaries/semreset.o
                0x00000000001048f3                semreset
 .text          0x00000000001049af       0xd9 binaries/send.o
                0x00000000001049af                send
 .text          0x0000000000104a88       0x97 binaries/signal.o
                0x0000000000104a88                signal
 .text          0x0000000000104b1f       0xc3 binaries/signaln.o
                0x0000000000104b1f                signaln
 .text          0x0000000000104be2       0xe7 binaries/sleep.o
                0x0000000000104be2                sleep
                0x0000000000104c2c                sleepms
 .text          0x0000000000104cc9       0x9e binaries/spinlock.o
                0x0000000000104cc9                sl_initlock
                0x0000000000104d02                sl_lock
                0x0000000000104d34                sl_unlock
 .text          0x0000000000104d67      0x1b3 binaries/stacktrace.o
                0x0000000000104d67                stacktrace
 .text          0x0000000000104f1a       0xdc binaries/suspend.o
                0x0000000000104f1a                suspend
 .text          0x0000000000104ff6       0xde binaries/unsleep.o
                0x0000000000104ff6                unsleep
 .text          0x00000000001050d4       0x15 binaries/userret.o
                0x00000000001050d4                userret
 .text          0x00000000001050e9       0xd5 binaries/wait.o
                0x00000000001050e9                wait
 .text          0x00000000001051be       0x68 binaries/wakeup.o
                0x00000000001051be                wakeup
 .text          0x0000000000105226       0x78 binaries/write.o
                0x0000000000105226                write
 .text          0x000000000010529e       0x19 binaries/xdone.o
                0x000000000010529e                xdone
 .text          0x00000000001052b7       0x25 binaries/yield.o
                0x00000000001052b7                yield
 .text          0x00000000001052dc       0x11 binaries/abs.o
                0x00000000001052dc                abs
 .text          0x00000000001052ed       0x8f binaries/atoi.o
                0x00000000001052ed                atoi
 .text          0x000000000010537c       0x8f binaries/atol.o
                0x000000000010537c                atol
 .text          0x000000000010540b       0x31 binaries/bzero.o
                0x000000000010540b                bzero
 .text          0x000000000010543c        0x0 binaries/ctype_.o
 .text          0x000000000010543c      0x8f8 binaries/doprnt.o
                0x000000000010543c                _doprnt
 .text          0x0000000000105d34      0x6a2 binaries/doscan.o
                0x0000000000105d34                _doscan
 .text          0x00000000001063d6      0x723 binaries/fdoprnt.o
                0x00000000001063d6                _fdoprnt
 .text          0x0000000000106af9       0x26 binaries/fgetc.o
                0x0000000000106af9                fgetc
 .text          0x0000000000106b1f       0x72 binaries/fgets.o
                0x0000000000106b1f                fgets
 .text          0x0000000000106b91       0x34 binaries/fprintf.o
                0x0000000000106b91                fprintf
 .text          0x0000000000106bc5       0x2c binaries/fputc.o
                0x0000000000106bc5                fputc
 .text          0x0000000000106bf1       0x43 binaries/fputs.o
                0x0000000000106bf1                fputs
 .text          0x0000000000106c34       0x92 binaries/fscanf.o
                0x0000000000106c34                fscanf
 .text          0x0000000000106cc6       0x2c binaries/getchar.o
                0x0000000000106cc6                getchar
 .text          0x0000000000106cf2       0x11 binaries/labs.o
                0x0000000000106cf2                labs
 .text          0x0000000000106d03       0x51 binaries/memcmp.o
                0x0000000000106d03                memcmp
 .text          0x0000000000106d54       0x3f binaries/memcpy.o
                0x0000000000106d54                memcpy
 .text          0x0000000000106d93       0x30 binaries/memset.o
                0x0000000000106d93                memset
 .text          0x0000000000106dc3       0x50 binaries/printf.o
                0x0000000000106dc3                printf
 .text          0x0000000000106e13       0x34 binaries/putchar.o
                0x0000000000106e13                putchar
 .text          0x0000000000106e47      0x28c binaries/qsort.o
                0x0000000000106e47                qsort
 .text          0x00000000001070d3       0x5f binaries/rand.o
                0x00000000001070d3                rand
                0x00000000001070e7                rand_r
                0x0000000000107125                srand
 .text          0x0000000000107132       0x6f binaries/sprintf.o
                0x0000000000107132                sprintf
 .text          0x00000000001071a1       0x7f binaries/sscanf.o
                0x00000000001071a1                sscanf
 .text          0x0000000000107220       0x3c binaries/strchr.o
                0x0000000000107220                strchr
 .text          0x000000000010725c       0x45 binaries/strcmp.o
                0x000000000010725c                strcmp
 .text          0x00000000001072a1       0x27 binaries/strcpy.o
                0x00000000001072a1                strcpy
 .text          0x00000000001072c8       0x26 binaries/strlen.o
                0x00000000001072c8                strlen
 .text          0x00000000001072ee       0x56 binaries/strncat.o
                0x00000000001072ee                strncat
 .text          0x0000000000107344       0x5e binaries/strncmp.o
                0x0000000000107344                strncmp
 .text          0x00000000001073a2       0x4f binaries/strncpy.o
                0x00000000001073a2                strncpy
 .text          0x00000000001073f1       0x2e binaries/strnlen.o
                0x00000000001073f1                strnlen
 .text          0x000000000010741f       0x45 binaries/strrchr.o
                0x000000000010741f                strrchr
 .text          0x0000000000107464       0x6d binaries/strstr.o
                0x0000000000107464                strstr
 .text          0x00000000001074d1       0xd8 binaries/ttycontrol.o
                0x00000000001074d1                ttycontrol
 .text          0x00000000001075a9       0x93 binaries/ttygetc.o
                0x00000000001075a9                ttygetc
 .text          0x000000000010763c      0x756 binaries/ttyhandle_in.o
                0x000000000010763c                ttyhandle_in
 .text          0x0000000000107d92      0x19f binaries/ttyhandle_out.o
                0x0000000000107d92                ttyhandle_out
 .text          0x0000000000107f31       0xc6 binaries/ttyhandler.o
                0x0000000000107f31                ttyhandler
 .text          0x0000000000107ff7      0x22b binaries/ttyinit.o
                0x0000000000107ff7                ttyinit
 .text          0x0000000000108222       0x1d binaries/ttykickout.o
                0x0000000000108222                ttykickout
 .text          0x000000000010823f       0xb2 binaries/ttyputc.o
                0x000000000010823f                ttyputc
 .text          0x00000000001082f1      0x10f binaries/ttyread.o
                0x00000000001082f1                ttyread
 .text          0x0000000000108400       0x4f binaries/ttywrite.o
                0x0000000000108400                ttywrite
 .text          0x000000000010844f      0x16a binaries/mount.o
                0x000000000010844f                mount
                0x0000000000108583                namlen
 .text          0x00000000001085b9      0x229 binaries/naminit.o
                0x00000000001085b9                naminit
 .text          0x00000000001087e2      0x216 binaries/nammap.o
                0x00000000001087e2                nammap
                0x0000000000108873                namrepl
                0x00000000001089a8                namcpy
 .text          0x00000000001089f8       0x55 binaries/namopen.o
                0x00000000001089f8                namopen
 .text          0x0000000000108a4d      0xfa3 binaries/82545EMInit.o
                0x0000000000108aa4                _82545EMInit
                0x000000000010984a                _82545EM_read_phy_reg
                0x0000000000109919                _82545EM_write_phy_reg
 .text          0x00000000001099f0      0x24c binaries/ethcontrol.o
                0x0000000000109a47                ethcontrol
                0x0000000000109bc4                ethIrqDisable
                0x0000000000109c00                ethIrqEnable
 .text          0x0000000000109c3c      0x241 binaries/ethhandler.o
                0x0000000000109dad                ethhandler
 .text          0x0000000000109e7d      0x122 binaries/ethinit.o
                0x0000000000109e7d                ethinit
 .text          0x0000000000109f9f      0x1f0 binaries/ethread.o
                0x0000000000109ff6                ethread
 .text          0x000000000010a18f      0x19a binaries/ethwrite.o
                0x000000000010a1e6                ethwrite
 .text          0x000000000010a329      0x2c1 binaries/rdscomm.o
                0x000000000010a329                rdscomm
 .text          0x000000000010a5ea      0x21b binaries/rdscontrol.o
                0x000000000010a5ea                rdscontrol
 .text          0x000000000010a805       0x4e binaries/rdsinit.o
                0x000000000010a805                rdsinit
 .text          0x000000000010a853      0x385 binaries/rdsopen.o
                0x000000000010a853                rdsopen
 .text          0x000000000010abd8      0x40d binaries/rdsprocess.o
                0x000000000010abd8                rdsprocess
 .text          0x000000000010afe5      0x5b2 binaries/rdsqfcns.o
                0x000000000010afe5                rdqunlink
                0x000000000010b087                rdqinsert
                0x000000000010b0dc                rdcunlink
                0x000000000010b186                rdcinsert
                0x000000000010b267                edqdump
                0x000000000010b423                edcdump
 .text          0x000000000010b597      0x1d7 binaries/rdsread.o
                0x000000000010b597                rdsread
 .text          0x000000000010b76e       0x5c binaries/rdssetprio.o
                0x000000000010b76e                rdssetprio
 .text          0x000000000010b7ca      0x117 binaries/rdswrite.o
                0x000000000010b7ca                rdswrite
 .text          0x000000000010b8e1        0xa binaries/ramclose.o
                0x000000000010b8e1                ramclose
 .text          0x000000000010b8eb       0x45 binaries/raminit.o
                0x000000000010b8eb                raminit
 .text          0x000000000010b930        0xa binaries/ramopen.o
                0x000000000010b930                ramopen
 .text          0x000000000010b93a       0x35 binaries/ramread.o
                0x000000000010b93a                ramread
 .text          0x000000000010b96f       0x36 binaries/ramwrite.o
                0x000000000010b96f                ramwrite
 .text          0x000000000010b9a5       0x9e binaries/lfdballoc.o
                0x000000000010b9a5                lfdballoc
 .text          0x000000000010ba43       0x62 binaries/lfdbfree.o
                0x000000000010ba43                lfdbfree
 .text          0x000000000010baa5       0xbf binaries/lfflush.o
                0x000000000010baa5                lfflush
 .text          0x000000000010bb64       0xd8 binaries/lfgetmode.o
                0x000000000010bb64                lfgetmode
 .text          0x000000000010bc3c       0x6c binaries/lfiballoc.o
                0x000000000010bc3c                lfiballoc
 .text          0x000000000010bca8       0x3b binaries/lfibclear.o
                0x000000000010bca8                lfibclear
 .text          0x000000000010bce3       0xae binaries/lfibget.o
                0x000000000010bce3                lfibget
 .text          0x000000000010bd91       0xe0 binaries/lfibput.o
                0x000000000010bd91                lfibput
 .text          0x000000000010be71       0x93 binaries/lflclose.o
                0x000000000010be71                lflclose
 .text          0x000000000010bf04       0xb5 binaries/lflcontrol.o
                0x000000000010bf04                lflcontrol
 .text          0x000000000010bfb9       0xdf binaries/lflgetc.o
                0x000000000010bfb9                lflgetc
 .text          0x000000000010c098       0xfb binaries/lflinit.o
                0x000000000010c098                lflinit
 .text          0x000000000010c193      0x10f binaries/lflputc.o
                0x000000000010c193                lflputc
 .text          0x000000000010c2a2       0x6d binaries/lflread.o
                0x000000000010c2a2                lflread
 .text          0x000000000010c30f       0x9c binaries/lflseek.o
                0x000000000010c30f                lflseek
 .text          0x000000000010c3ab       0x55 binaries/lflwrite.o
                0x000000000010c3ab                lflwrite
 .text          0x000000000010c400       0x62 binaries/lfscheck.o
                0x000000000010c400                lfscheck
 .text          0x000000000010c462      0x176 binaries/lfsckfmt.o
                0x000000000010c462                lfsckfmt
 .text          0x000000000010c5d8      0x221 binaries/lfscreate.o
                0x000000000010c5d8                lfscreate
 .text          0x000000000010c7f9      0x282 binaries/lfsetup.o
                0x000000000010c7f9                lfsetup
 .text          0x000000000010ca7b       0x55 binaries/lfsinit.o
                0x000000000010ca7b                lfsinit
 .text          0x000000000010cad0      0x3cb binaries/lfsopen.o
                0x000000000010cad0                lfsopen
 .text          0x000000000010ce9b      0x161 binaries/lftruncate.o
                0x000000000010ce9b                lftruncate
 .text          0x000000000010cffc      0x1a5 binaries/rflclose.o
                0x000000000010cffc                rflclose
 .text          0x000000000010d1a1       0x5d binaries/rflgetc.o
                0x000000000010d1a1                rflgetc
 .text          0x000000000010d1fe       0x76 binaries/rflinit.o
                0x000000000010d1fe                rflinit
 .text          0x000000000010d274       0x39 binaries/rflputc.o
                0x000000000010d274                rflputc
 .text          0x000000000010d2ad      0x386 binaries/rflread.o
                0x000000000010d2ad                rflread
 .text          0x000000000010d633       0x68 binaries/rflseek.o
                0x000000000010d633                rflseek
 .text          0x000000000010d69b      0x336 binaries/rflwrite.o
                0x000000000010d69b                rflwrite
 .text          0x000000000010d9d1      0x22f binaries/rfscomm.o
                0x000000000010d9d1                rfscomm
 .text          0x000000000010dc00      0x258 binaries/rfscontrol.o
                0x000000000010dc00                rfscontrol
 .text          0x000000000010de58       0xd8 binaries/rfsgetmode.o
                0x000000000010de58                rfsgetmode
 .text          0x000000000010df30       0x61 binaries/rfsinit.o
                0x000000000010df30                rfsinit
 .text          0x000000000010df91      0x128 binaries/rfsndmsg.o
                0x000000000010df91                rfsndmsg
 .text          0x000000000010e0b9      0x28d binaries/rfsopen.o
                0x000000000010e0b9                rfsopen
 .text          0x000000000010e346      0x855 binaries/arp.o
                0x000000000010e346                arp_init
                0x000000000010e378                arp_resolve
                0x000000000010e645                arp_in
                0x000000000010e8f7                arp_alloc
                0x000000000010e9c3                arp_ntoh
                0x000000000010eaaf                arp_hton
 .text          0x000000000010eb9b      0x947 binaries/dhcp.o
                0x000000000010eb9b                dhcp_get_opt_val
                0x000000000010ebf4                dhcp_bld_bootp_msg
                0x000000000010ed1e                dhcp_bld_disc
                0x000000000010ee04                dhcp_bld_req
                0x000000000010ef81                getlocalip
 .text          0x000000000010f4e2      0x6e3 binaries/dns.o
                0x000000000010f4e2                dnslookup
 .text          0x000000000010fbc5       0xe0 binaries/dot2ip.o
                0x000000000010fbc5                dot2ip
 .text          0x000000000010fca5      0x468 binaries/hexdump.o
                0x000000000010fca5                hexdump
                0x000000000010fe28                hexadump
 .text          0x000000000011010d      0x8c4 binaries/icmp.o
                0x000000000011010d                icmp_init
                0x0000000000110143                icmp_in
                0x000000000011034b                icmp_register
                0x000000000011043d                icmp_recv
                0x00000000001105b6                icmp_send
                0x000000000011064b                icmp_mkpkt
                0x0000000000110766                icmp_release
                0x0000000000110856                icmp_cksum
                0x00000000001108e9                icmp_hton
                0x000000000011095d                icmp_ntoh
 .text          0x00000000001109d1      0x81d binaries/ip.o
                0x00000000001109d1                ip_in
                0x0000000000110b1d                ip_send
                0x0000000000110c5f                ip_local
                0x0000000000110ca2                ip_out
                0x0000000000110dcf                ipcksum
                0x0000000000110e55                ip_ntoh
                0x0000000000110f41                ip_hton
                0x000000000011102d                ipout
                0x000000000011114f                ip_enqueue
 .text          0x00000000001111ee      0x2ed binaries/net.o
                0x00000000001111ee                net_init
                0x0000000000111346                netin
                0x00000000001113f2                eth_hton
                0x000000000011141c                eth_ntoh
                0x0000000000111446                getport
 .text          0x00000000001114db     0x1539 binaries/pdump.o
                0x00000000001114db                pdump
                0x00000000001122f7                pdumph
 .text          0x0000000000112a14      0x64a binaries/tftp.o
                0x0000000000112a14                tftp_send1
                0x0000000000112ba4                tftpget
                0x0000000000112be6                tftpget_mb
 .text          0x000000000011305e      0xb08 binaries/udp.o
                0x000000000011305e                udp_init
                0x0000000000113092                udp_in
                0x00000000001131cd                udp_register
                0x0000000000113301                udp_recv
                0x0000000000113487                udp_recvaddr
                0x0000000000113625                udp_send
                0x00000000001137f4                udp_sendto
                0x000000000011398f                udp_release
                0x0000000000113a7c                udp_ntoh
                0x0000000000113af1                udp_hton
 .text          0x0000000000113b66      0x138 binaries/addargs.o
                0x0000000000113b66                addargs
 .text          0x0000000000113c9e      0x2c9 binaries/lexan.o
                0x0000000000113c9e                lexan
 .text          0x0000000000113f67      0x6ed binaries/shell.o
                0x0000000000113f67                shell
 .text          0x0000000000114654       0x68 binaries/xsh_argecho.o
                0x0000000000114654                xsh_argecho
 .text          0x00000000001146bc      0x23a binaries/xsh_arp.o
                0x00000000001146bc                xsh_arp
 .text          0x00000000001148f6      0x253 binaries/xsh_cat.o
                0x00000000001148f6                xsh_cat
 .text          0x0000000000114b49       0x5b binaries/xsh_clear.o
                0x0000000000114b49                xsh_clear
 .text          0x0000000000114ba4      0x2ea binaries/xsh_date.o
                0x0000000000114ba4                xsh_date
 .text          0x0000000000114e8e       0xad binaries/xsh_devdump.o
                0x0000000000114e8e                xsh_devdump
 .text          0x0000000000114f3b       0x6c binaries/xsh_echo.o
                0x0000000000114f3b                xsh_echo
 .text          0x0000000000114fa7        0xa binaries/xsh_exit.o
                0x0000000000114fa7                xsh_exit
 .text          0x0000000000114fb1      0x36c binaries/xsh_help.o
                0x0000000000114fb1                xsh_help
 .text          0x000000000011531d      0x23c binaries/xsh_kill.o
                0x000000000011531d                xsh_kill
 .text          0x0000000000115559      0x548 binaries/xsh_ls.o
                0x0000000000115559                xsh_ls
 .text          0x0000000000115aa1      0x516 binaries/xsh_memdump.o
                0x0000000000115aa1                xsh_memdump
 .text          0x0000000000115fb7      0x29d binaries/xsh_memstat.o
                0x0000000000115fb7                xsh_memstat
 .text          0x0000000000116254      0x5b6 binaries/xsh_netinfo.o
                0x0000000000116254                xsh_netinfo
 .text          0x000000000011680a      0x5f8 binaries/xsh_ns.o
                0x000000000011680a                xsh_ns
 .text          0x0000000000116e02      0x3d7 binaries/xsh_ping.o
                0x0000000000116e02                xsh_ping
 .text          0x00000000001171d9      0x261 binaries/xsh_ps.o
                0x00000000001171d9                xsh_ps
 .text          0x000000000011743a      0x219 binaries/xsh_sleep.o
                0x000000000011743a                xsh_sleep
 .text          0x0000000000117653      0x2b6 binaries/xsh_udpdump.o
                0x0000000000117653                xsh_udpdump
 .text          0x0000000000117909      0x590 binaries/xsh_udpecho.o
                0x0000000000117909                xsh_udpecho
 .text          0x0000000000117e99      0x2d5 binaries/xsh_udpserver.o
                0x0000000000117e99                xsh_udpeserver
 .text          0x000000000011816e      0x1e1 binaries/xsh_uptime.o
                0x000000000011816e                xsh_uptime
 .text          0x000000000011834f        0xe binaries/clkdisp.o
                0x000000000011834f                clkdisp
 .text          0x000000000011835d       0x19 binaries/ctxsw.o
                0x000000000011835d                ctxsw
 .text          0x0000000000118376      0x368 binaries/intr.o
                0x0000000000118376                disable
                0x000000000011837f                restore
                0x000000000011838d                enable
                0x000000000011838f                pause
                0x0000000000118396                halt
                0x0000000000118399                spurious_irq7
                0x000000000011839e                spurious_irq15
                0x00000000001183ad                _Xint0
                0x00000000001183b8                _Xint1
                0x00000000001183c3                _Xint2
                0x00000000001183ce                _Xint3
                0x00000000001183d9                _Xint4
                0x00000000001183e4                _Xint5
                0x00000000001183ef                _Xint6
                0x00000000001183fa                _Xint7
                0x0000000000118405                _Xint8
                0x0000000000118410                _Xint9
                0x000000000011841b                _Xint10
                0x0000000000118426                _Xint11
                0x0000000000118434                _Xint12
                0x0000000000118442                _Xint13
                0x0000000000118450                _Xint14
                0x000000000011845e                _Xint15
                0x000000000011846c                _Xint16
                0x000000000011847a                _Xint17
                0x0000000000118488                _Xint18
                0x0000000000118496                _Xint19
                0x00000000001184a4                _Xint20
                0x00000000001184b2                _Xint21
                0x00000000001184c0                _Xint22
                0x00000000001184ce                _Xint23
                0x00000000001184dc                _Xint24
                0x00000000001184ea                _Xint25
                0x00000000001184f8                _Xint26
                0x0000000000118506                _Xint27
                0x0000000000118514                _Xint28
                0x0000000000118522                _Xint29
                0x0000000000118530                _Xint30
                0x000000000011853e                _Xint31
                0x000000000011854c                _Xint32
                0x000000000011855a                _Xint33
                0x0000000000118568                _Xint34
                0x0000000000118576                _Xint35
                0x0000000000118584                _Xint36
                0x0000000000118592                _Xint37
                0x00000000001185a0                _Xint38
                0x00000000001185ae                _Xint39
                0x00000000001185bc                _Xint40
                0x00000000001185ca                _Xint41
                0x00000000001185d8                _Xint42
                0x00000000001185e6                _Xint43
                0x00000000001185f4                _Xint44
                0x0000000000118602                _Xint45
                0x0000000000118610                _Xint46
                0x000000000011861e                defevec
 .text          0x00000000001186de       0x13 binaries/test_and_set.o
                0x00000000001186de                test_and_set
 .text          0x00000000001186f1        0xf binaries/ttydispatch.o
                0x00000000001186f1                ttydispatch
 .text          0x0000000000118700       0x13 binaries/ethdispatch.o
                0x0000000000118700                ethdispatch
 *(.rodata .rodata.*)
 .rodata        0x0000000000118713       0x1e binaries/active_lock.o
 *fill*         0x0000000000118731        0x3 
 .rodata        0x0000000000118734       0x8e binaries/ascdate.o
 .rodata        0x00000000001187c2       0xae binaries/conf.o
 .rodata        0x0000000000118870      0x22f binaries/evec.o
 *fill*         0x0000000000118a9f        0x1 
 .rodata        0x0000000000118aa0       0x61 binaries/getutime.o
 *fill*         0x0000000000118b01        0x3 
 .rodata        0x0000000000118b04       0x90 binaries/i386.o
 .rodata        0x0000000000118b94      0x185 binaries/initialize.o
 *fill*         0x0000000000118d19        0x3 
 .rodata        0x0000000000118d1c       0x20 binaries/kill.o
 .rodata        0x0000000000118d3c       0x38 binaries/kprintf.o
 .rodata        0x0000000000118d74      0x1a9 binaries/main.o
 .rodata        0x0000000000118f1d        0xf binaries/panic.o
 .rodata        0x0000000000118f2c      0x1ec binaries/pci.o
 .rodata        0x0000000000119118       0x1d binaries/ptinit.o
 *fill*         0x0000000000119135        0x3 
 .rodata        0x0000000000119138       0x25 binaries/ptsend.o
 *fill*         0x000000000011915d        0x3 
 .rodata        0x0000000000119160       0xb7 binaries/stacktrace.o
 *fill*         0x0000000000119217        0x1 
 .rodata        0x0000000000119218       0x27 binaries/xdone.o
 *fill*         0x000000000011923f        0x1 
 .rodata        0x0000000000119240       0x81 binaries/ctype_.o
                0x0000000000119240                _ctype_
 *fill*         0x00000000001192c1        0x3 
 .rodata        0x00000000001192c4       0xee binaries/doprnt.o
 *fill*         0x00000000001193b2        0x2 
 .rodata        0x00000000001193b4       0x98 binaries/doscan.o
 .rodata        0x000000000011944c       0xae binaries/fdoprnt.o
 *fill*         0x00000000001194fa        0x2 
 .rodata        0x00000000001194fc       0x20 binaries/ttycontrol.o
 .rodata        0x000000000011951c       0x34 binaries/ttyhandler.o
 .rodata        0x0000000000119550       0x14 binaries/mount.o
 .rodata        0x0000000000119564       0x82 binaries/naminit.o
 *fill*         0x00000000001195e6        0x2 
 .rodata        0x00000000001195e8       0x2e binaries/82545EMInit.o
 *fill*         0x0000000000119616        0x2 
 .rodata        0x0000000000119618       0x78 binaries/ethinit.o
 .rodata        0x0000000000119690       0x18 binaries/ethread.o
 .rodata        0x00000000001196a8       0x76 binaries/rdscomm.o
 *fill*         0x000000000011971e        0x2 
 .rodata        0x0000000000119720       0x21 binaries/rdscontrol.o
 *fill*         0x0000000000119741        0x3 
 .rodata        0x0000000000119744       0xae binaries/rdsopen.o
 *fill*         0x00000000001197f2        0x2 
 .rodata        0x00000000001197f4       0x3e binaries/rdsprocess.o
 *fill*         0x0000000000119832        0x2 
 .rodata        0x0000000000119834       0xe2 binaries/rdsqfcns.o
 .rodata        0x0000000000119916        0x9 binaries/raminit.o
 *fill*         0x000000000011991f        0x1 
 .rodata        0x0000000000119920       0x36 binaries/lfdballoc.o
 .rodata        0x0000000000119956       0x14 binaries/lfiballoc.o
 *fill*         0x000000000011996a        0x2 
 .rodata        0x000000000011996c       0x22 binaries/lflcontrol.o
 *fill*         0x000000000011998e        0x2 
 .rodata        0x0000000000119990      0x118 binaries/lfsckfmt.o
 .rodata        0x0000000000119aa8       0x66 binaries/lfsopen.o
 *fill*         0x0000000000119b0e        0x2 
 .rodata        0x0000000000119b10       0x21 binaries/rflclose.o
 *fill*         0x0000000000119b31        0x3 
 .rodata        0x0000000000119b34       0x21 binaries/rflread.o
 *fill*         0x0000000000119b55        0x3 
 .rodata        0x0000000000119b58       0x21 binaries/rflwrite.o
 *fill*         0x0000000000119b79        0x3 
 .rodata        0x0000000000119b7c       0xa1 binaries/rfscomm.o
 *fill*         0x0000000000119c1d        0x3 
 .rodata        0x0000000000119c20       0x3c binaries/rfscontrol.o
 .rodata        0x0000000000119c5c       0x2b binaries/rfsinit.o
 *fill*         0x0000000000119c87        0x1 
 .rodata        0x0000000000119c88       0x2a binaries/rfsndmsg.o
 *fill*         0x0000000000119cb2        0x2 
 .rodata        0x0000000000119cb4       0x21 binaries/rfsopen.o
 *fill*         0x0000000000119cd5        0x3 
 .rodata        0x0000000000119cd8       0x3a binaries/arp.o
 *fill*         0x0000000000119d12        0x2 
 .rodata        0x0000000000119d14       0xcf binaries/dhcp.o
 .rodata        0x0000000000119de3       0x24 binaries/dns.o
 *fill*         0x0000000000119e07        0x1 
 .rodata        0x0000000000119e08       0xc9 binaries/hexdump.o
 *fill*         0x0000000000119ed1        0x3 
 .rodata        0x0000000000119ed4       0x29 binaries/icmp.o
 *fill*         0x0000000000119efd        0x3 
 .rodata        0x0000000000119f00       0x52 binaries/ip.o
 *fill*         0x0000000000119f52        0x2 
 .rodata        0x0000000000119f54       0x4f binaries/net.o
 *fill*         0x0000000000119fa3        0x1 
 .rodata        0x0000000000119fa4      0x26f binaries/pdump.o
 *fill*         0x000000000011a213        0x1 
 .rodata        0x000000000011a214      0x154 binaries/tftp.o
 *fill*         0x000000000011a368       0x18 
 .rodata        0x000000000011a380      0x3f9 binaries/shell.o
                0x000000000011a420                cmdtab
 .rodata        0x000000000011a779       0x28 binaries/xsh_argecho.o
 *fill*         0x000000000011a7a1        0x3 
 .rodata        0x000000000011a7a4      0x123 binaries/xsh_arp.o
 *fill*         0x000000000011a8c7        0x1 
 .rodata        0x000000000011a8c8       0xc9 binaries/xsh_cat.o
 .rodata        0x000000000011a991       0x19 binaries/xsh_clear.o
 *fill*         0x000000000011a9aa        0x2 
 .rodata        0x000000000011a9ac      0x1c3 binaries/xsh_date.o
 .rodata        0x000000000011ab6f       0x5d binaries/xsh_devdump.o
 .rodata        0x000000000011abcc        0x9 binaries/xsh_echo.o
 *fill*         0x000000000011abd5        0x3 
 .rodata        0x000000000011abd8      0x169 binaries/xsh_help.o
 *fill*         0x000000000011ad41        0x3 
 .rodata        0x000000000011ad44      0x12e binaries/xsh_kill.o
 *fill*         0x000000000011ae72        0x2 
 .rodata        0x000000000011ae74      0x190 binaries/xsh_ls.o
 .rodata        0x000000000011b004      0x266 binaries/xsh_memdump.o
 *fill*         0x000000000011b26a        0x2 
 .rodata        0x000000000011b26c      0x225 binaries/xsh_memstat.o
 *fill*         0x000000000011b491        0x3 
 .rodata        0x000000000011b494      0x1b0 binaries/xsh_netinfo.o
 *fill*         0x000000000011b644       0x1c 
 .rodata        0x000000000011b660      0x340 binaries/xsh_ns.o
 .rodata        0x000000000011b9a0      0x19d binaries/xsh_ping.o
 *fill*         0x000000000011bb3d        0x3 
 .rodata        0x000000000011bb40      0x1e0 binaries/xsh_ps.o
 .rodata        0x000000000011bd20       0xeb binaries/xsh_sleep.o
 *fill*         0x000000000011be0b        0x1 
 .rodata        0x000000000011be0c      0x1b8 binaries/xsh_udpdump.o
 .rodata        0x000000000011bfc4      0x27d binaries/xsh_udpecho.o
 *fill*         0x000000000011c241        0x3 
 .rodata        0x000000000011c244      0x12b binaries/xsh_udpserver.o
 *fill*         0x000000000011c36f        0x1 
 .rodata        0x000000000011c370      0x105 binaries/xsh_uptime.o
                0x000000000011c475                etext = ABSOLUTE (.)
                0x000000000011d000                . = ALIGN (0x1000)
 *fill*         0x000000000011c475      0xb8b 

.eh_frame       0x000000000011d000     0x2fa0
 .eh_frame      0x000000000011d000       0x98 binaries/active_lock.o
 .eh_frame      0x000000000011d098       0x28 binaries/ascdate.o
                                         0x40 (size before relaxing)
 .eh_frame      0x000000000011d0c0       0x20 binaries/bufinit.o
                                         0x38 (size before relaxing)
 .eh_frame      0x000000000011d0e0       0x20 binaries/chprio.o
                                         0x38 (size before relaxing)
 .eh_frame      0x000000000011d100       0x20 binaries/clkhandler.o
                                         0x38 (size before relaxing)
 .eh_frame      0x000000000011d120       0x20 binaries/clkinit.o
                                         0x38 (size before relaxing)
 .eh_frame      0x000000000011d140       0x20 binaries/close.o
                                         0x38 (size before relaxing)
 .eh_frame      0x000000000011d160       0x20 binaries/control.o
                                         0x38 (size before relaxing)
 .eh_frame      0x000000000011d180       0x40 binaries/create.o
                                         0x58 (size before relaxing)
 .eh_frame      0x000000000011d1c0       0x60 binaries/evec.o
                                         0x78 (size before relaxing)
 .eh_frame      0x000000000011d220       0x20 binaries/exit.o
                                         0x38 (size before relaxing)
 .eh_frame      0x000000000011d240       0x20 binaries/freebuf.o
                                         0x38 (size before relaxing)
 .eh_frame      0x000000000011d260       0x20 binaries/freemem.o
                                         0x38 (size before relaxing)
 .eh_frame      0x000000000011d280       0x20 binaries/getbuf.o
                                         0x38 (size before relaxing)
 .eh_frame      0x000000000011d2a0       0x20 binaries/getc.o
                                         0x38 (size before relaxing)
 .eh_frame      0x000000000011d2c0       0x20 binaries/getdev.o
                                         0x38 (size before relaxing)
 .eh_frame      0x000000000011d2e0       0x60 binaries/getitem.o
                                         0x78 (size before relaxing)
 .eh_frame      0x000000000011d340       0x20 binaries/getmem.o
                                         0x38 (size before relaxing)
 .eh_frame      0x000000000011d360       0x20 binaries/getpid.o
                                         0x38 (size before relaxing)
 .eh_frame      0x000000000011d380       0x20 binaries/getprio.o
                                         0x38 (size before relaxing)
 .eh_frame      0x000000000011d3a0       0x20 binaries/getstk.o
                                         0x38 (size before relaxing)
 .eh_frame      0x000000000011d3c0       0x20 binaries/getticks.o
                                         0x38 (size before relaxing)
 .eh_frame      0x000000000011d3e0       0x20 binaries/gettime.o
                                         0x38 (size before relaxing)
 .eh_frame      0x000000000011d400       0x20 binaries/getutime.o
                                         0x38 (size before relaxing)
 .eh_frame      0x000000000011d420       0x8c binaries/i386.o
                                         0xa4 (size before relaxing)
 .eh_frame      0x000000000011d4ac       0x20 binaries/init.o
                                         0x38 (size before relaxing)
 .eh_frame      0x000000000011d4cc       0xa0 binaries/initialize.o
                                         0xb8 (size before relaxing)
 .eh_frame      0x000000000011d56c       0x40 binaries/insert.o
                                         0x58 (size before relaxing)
 .eh_frame      0x000000000011d5ac       0x20 binaries/insertd.o
                                         0x38 (size before relaxing)
 .eh_frame      0x000000000011d5cc       0x20 binaries/ioerr.o
                                         0x38 (size before relaxing)
 .eh_frame      0x000000000011d5ec       0x20 binaries/ionull.o
                                         0x38 (size before relaxing)
 .eh_frame      0x000000000011d60c       0x20 binaries/kill.o
                                         0x38 (size before relaxing)
 .eh_frame      0x000000000011d62c       0x80 binaries/kprintf.o
                                         0x98 (size before relaxing)
 .eh_frame      0x000000000011d6ac       0x60 binaries/lock.o
                                         0x78 (size before relaxing)
 .eh_frame      0x000000000011d70c       0x98 binaries/main.o
                                         0xb0 (size before relaxing)
 .eh_frame      0x000000000011d7a4       0x40 binaries/mark.o
                                         0x58 (size before relaxing)
 .eh_frame      0x000000000011d7e4       0x20 binaries/meminit.o
                                         0x38 (size before relaxing)
 .eh_frame      0x000000000011d804       0x20 binaries/mkbufpool.o
                                         0x38 (size before relaxing)
 .eh_frame      0x000000000011d824       0x20 binaries/newqueue.o
                                         0x38 (size before relaxing)
 .eh_frame      0x000000000011d844       0x20 binaries/open.o
                                         0x38 (size before relaxing)
 .eh_frame      0x000000000011d864       0x1c binaries/panic.o
                                         0x34 (size before relaxing)
 .eh_frame      0x000000000011d880       0x60 binaries/park.o
                                         0x78 (size before relaxing)
 .eh_frame      0x000000000011d8e0      0x1c8 binaries/pci.o
                                        0x1e0 (size before relaxing)
 .eh_frame      0x000000000011daa8       0x20 binaries/ptclear.o
                                         0x38 (size before relaxing)
 .eh_frame      0x000000000011dac8       0x20 binaries/ptcount.o
                                         0x38 (size before relaxing)
 .eh_frame      0x000000000011dae8       0x20 binaries/ptcreate.o
                                         0x38 (size before relaxing)
 .eh_frame      0x000000000011db08       0x20 binaries/ptdelete.o
                                         0x38 (size before relaxing)
 .eh_frame      0x000000000011db28       0x20 binaries/ptinit.o
                                         0x38 (size before relaxing)
 .eh_frame      0x000000000011db48       0x20 binaries/ptrecv.o
                                         0x38 (size before relaxing)
 .eh_frame      0x000000000011db68       0x20 binaries/ptreset.o
                                         0x38 (size before relaxing)
 .eh_frame      0x000000000011db88       0x20 binaries/ptsend.o
                                         0x38 (size before relaxing)
 .eh_frame      0x000000000011dba8       0x20 binaries/putc.o
                                         0x38 (size before relaxing)
 .eh_frame      0x000000000011dbc8       0x40 binaries/queue.o
                                         0x58 (size before relaxing)
 .eh_frame      0x000000000011dc08       0x20 binaries/read.o
                                         0x38 (size before relaxing)
 .eh_frame      0x000000000011dc28       0x24 binaries/ready.o
                                         0x3c (size before relaxing)
 .eh_frame      0x000000000011dc4c       0x20 binaries/receive.o
                                         0x38 (size before relaxing)
 .eh_frame      0x000000000011dc6c       0x20 binaries/recvclr.o
                                         0x38 (size before relaxing)
 .eh_frame      0x000000000011dc8c       0x20 binaries/recvtime.o
                                         0x38 (size before relaxing)
 .eh_frame      0x000000000011dcac       0x40 binaries/resched.o
                                         0x58 (size before relaxing)
 .eh_frame      0x000000000011dcec       0x20 binaries/resume.o
                                         0x38 (size before relaxing)
 .eh_frame      0x000000000011dd0c       0x20 binaries/seek.o
                                         0x38 (size before relaxing)
 .eh_frame      0x000000000011dd2c       0x20 binaries/semcount.o
                                         0x38 (size before relaxing)
 .eh_frame      0x000000000011dd4c       0x40 binaries/semcreate.o
                                         0x58 (size before relaxing)
 .eh_frame      0x000000000011dd8c       0x20 binaries/semdelete.o
                                         0x38 (size before relaxing)
 .eh_frame      0x000000000011ddac       0x20 binaries/semreset.o
                                         0x38 (size before relaxing)
 .eh_frame      0x000000000011ddcc       0x20 binaries/send.o
                                         0x38 (size before relaxing)
 .eh_frame      0x000000000011ddec       0x20 binaries/signal.o
                                         0x38 (size before relaxing)
 .eh_frame      0x000000000011de0c       0x20 binaries/signaln.o
                                         0x38 (size before relaxing)
 .eh_frame      0x000000000011de2c       0x40 binaries/sleep.o
                                         0x58 (size before relaxing)
 .eh_frame      0x000000000011de6c       0x60 binaries/spinlock.o
                                         0x78 (size before relaxing)
 .eh_frame      0x000000000011decc       0x20 binaries/stacktrace.o
                                         0x38 (size before relaxing)
 .eh_frame      0x000000000011deec       0x20 binaries/suspend.o
                                         0x38 (size before relaxing)
 .eh_frame      0x000000000011df0c       0x20 binaries/unsleep.o
                                         0x38 (size before relaxing)
 .eh_frame      0x000000000011df2c       0x20 binaries/userret.o
                                         0x38 (size before relaxing)
 .eh_frame      0x000000000011df4c       0x20 binaries/wait.o
                                         0x38 (size before relaxing)
 .eh_frame      0x000000000011df6c       0x20 binaries/wakeup.o
                                         0x38 (size before relaxing)
 .eh_frame      0x000000000011df8c       0x20 binaries/write.o
                                         0x38 (size before relaxing)
 .eh_frame      0x000000000011dfac       0x20 binaries/xdone.o
                                         0x38 (size before relaxing)
 .eh_frame      0x000000000011dfcc       0x20 binaries/yield.o
                                         0x38 (size before relaxing)
 .eh_frame      0x000000000011dfec       0x20 binaries/abs.o
                                         0x38 (size before relaxing)
 .eh_frame      0x000000000011e00c       0x20 binaries/atoi.o
                                         0x38 (size before relaxing)
 .eh_frame      0x000000000011e02c       0x20 binaries/atol.o
                                         0x38 (size before relaxing)
 .eh_frame      0x000000000011e04c       0x20 binaries/bzero.o
                                         0x38 (size before relaxing)
 .eh_frame      0x000000000011e06c       0xe4 binaries/doprnt.o
                                         0xfc (size before relaxing)
 .eh_frame      0x000000000011e150       0xb0 binaries/doscan.o
                                         0xc8 (size before relaxing)
 .eh_frame      0x000000000011e200       0xc0 binaries/fdoprnt.o
                                         0xd8 (size before relaxing)
 .eh_frame      0x000000000011e2c0       0x20 binaries/fgetc.o
                                         0x38 (size before relaxing)
 .eh_frame      0x000000000011e2e0       0x20 binaries/fgets.o
                                         0x38 (size before relaxing)
 .eh_frame      0x000000000011e300       0x20 binaries/fprintf.o
                                         0x38 (size before relaxing)
 .eh_frame      0x000000000011e320       0x20 binaries/fputc.o
                                         0x38 (size before relaxing)
 .eh_frame      0x000000000011e340       0x20 binaries/fputs.o
                                         0x38 (size before relaxing)
 .eh_frame      0x000000000011e360       0x60 binaries/fscanf.o
                                         0x78 (size before relaxing)
 .eh_frame      0x000000000011e3c0       0x20 binaries/getchar.o
                                         0x38 (size before relaxing)
 .eh_frame      0x000000000011e3e0       0x20 binaries/labs.o
                                         0x38 (size before relaxing)
 .eh_frame      0x000000000011e400       0x20 binaries/memcmp.o
                                         0x38 (size before relaxing)
 .eh_frame      0x000000000011e420       0x24 binaries/memcpy.o
                                         0x3c (size before relaxing)
 .eh_frame      0x000000000011e444       0x24 binaries/memset.o
                                         0x3c (size before relaxing)
 .eh_frame      0x000000000011e468       0x20 binaries/printf.o
                                         0x38 (size before relaxing)
 .eh_frame      0x000000000011e488       0x20 binaries/putchar.o
                                         0x38 (size before relaxing)
 .eh_frame      0x000000000011e4a8       0xa8 binaries/qsort.o
                                         0xc0 (size before relaxing)
 .eh_frame      0x000000000011e550       0x60 binaries/rand.o
                                         0x78 (size before relaxing)
 .eh_frame      0x000000000011e5b0       0x40 binaries/sprintf.o
                                         0x58 (size before relaxing)
 .eh_frame      0x000000000011e5f0       0x60 binaries/sscanf.o
                                         0x78 (size before relaxing)
 .eh_frame      0x000000000011e650       0x20 binaries/strchr.o
                                         0x38 (size before relaxing)
 .eh_frame      0x000000000011e670       0x20 binaries/strcmp.o
                                         0x38 (size before relaxing)
 .eh_frame      0x000000000011e690       0x20 binaries/strcpy.o
                                         0x38 (size before relaxing)
 .eh_frame      0x000000000011e6b0       0x20 binaries/strlen.o
                                         0x38 (size before relaxing)
 .eh_frame      0x000000000011e6d0       0x20 binaries/strncat.o
                                         0x38 (size before relaxing)
 .eh_frame      0x000000000011e6f0       0x20 binaries/strncmp.o
                                         0x38 (size before relaxing)
 .eh_frame      0x000000000011e710       0x28 binaries/strncpy.o
                                         0x40 (size before relaxing)
 .eh_frame      0x000000000011e738       0x20 binaries/strnlen.o
                                         0x38 (size before relaxing)
 .eh_frame      0x000000000011e758       0x20 binaries/strrchr.o
                                         0x38 (size before relaxing)
 .eh_frame      0x000000000011e778       0x20 binaries/strstr.o
                                         0x38 (size before relaxing)
 .eh_frame      0x000000000011e798       0x20 binaries/ttycontrol.o
                                         0x38 (size before relaxing)
 .eh_frame      0x000000000011e7b8       0x20 binaries/ttygetc.o
                                         0x38 (size before relaxing)
 .eh_frame      0x000000000011e7d8       0x80 binaries/ttyhandle_in.o
                                         0x98 (size before relaxing)
 .eh_frame      0x000000000011e858       0x20 binaries/ttyhandle_out.o
                                         0x38 (size before relaxing)
 .eh_frame      0x000000000011e878       0x20 binaries/ttyhandler.o
                                         0x38 (size before relaxing)
 .eh_frame      0x000000000011e898       0x20 binaries/ttyinit.o
                                         0x38 (size before relaxing)
 .eh_frame      0x000000000011e8b8       0x20 binaries/ttykickout.o
                                         0x38 (size before relaxing)
 .eh_frame      0x000000000011e8d8       0x20 binaries/ttyputc.o
                                         0x38 (size before relaxing)
 .eh_frame      0x000000000011e8f8       0x28 binaries/ttyread.o
                                         0x40 (size before relaxing)
 .eh_frame      0x000000000011e920       0x20 binaries/ttywrite.o
                                         0x38 (size before relaxing)
 .eh_frame      0x000000000011e940       0x40 binaries/mount.o
                                         0x58 (size before relaxing)
 .eh_frame      0x000000000011e980       0x20 binaries/naminit.o
                                         0x38 (size before relaxing)
 .eh_frame      0x000000000011e9a0       0x60 binaries/nammap.o
                                         0x78 (size before relaxing)
 .eh_frame      0x000000000011ea00       0x20 binaries/namopen.o
                                         0x38 (size before relaxing)
 .eh_frame      0x000000000011ea20      0x150 binaries/82545EMInit.o
                                        0x168 (size before relaxing)
 .eh_frame      0x000000000011eb70       0xa0 binaries/ethcontrol.o
                                         0xb8 (size before relaxing)
 .eh_frame      0x000000000011ec10       0x80 binaries/ethhandler.o
                                         0x98 (size before relaxing)
 .eh_frame      0x000000000011ec90       0x20 binaries/ethinit.o
                                         0x38 (size before relaxing)
 .eh_frame      0x000000000011ecb0       0x60 binaries/ethread.o
                                         0x78 (size before relaxing)
 .eh_frame      0x000000000011ed10       0x60 binaries/ethwrite.o
                                         0x78 (size before relaxing)
 .eh_frame      0x000000000011ed70       0x20 binaries/rdscomm.o
                                         0x38 (size before relaxing)
 .eh_frame      0x000000000011ed90       0x20 binaries/rdscontrol.o
                                         0x38 (size before relaxing)
 .eh_frame      0x000000000011edb0       0x20 binaries/rdsinit.o
                                         0x38 (size before relaxing)
 .eh_frame      0x000000000011edd0       0x20 binaries/rdsopen.o
                                         0x38 (size before relaxing)
 .eh_frame      0x000000000011edf0       0x1c binaries/rdsprocess.o
                                         0x34 (size before relaxing)
 .eh_frame      0x000000000011ee0c       0xc0 binaries/rdsqfcns.o
                                         0xd8 (size before relaxing)
 .eh_frame      0x000000000011eecc       0x20 binaries/rdsread.o
                                         0x38 (size before relaxing)
 .eh_frame      0x000000000011eeec       0x20 binaries/rdssetprio.o
                                         0x38 (size before relaxing)
 .eh_frame      0x000000000011ef0c       0x20 binaries/rdswrite.o
                                         0x38 (size before relaxing)
 .eh_frame      0x000000000011ef2c       0x20 binaries/ramclose.o
                                         0x38 (size before relaxing)
 .eh_frame      0x000000000011ef4c       0x20 binaries/raminit.o
                                         0x38 (size before relaxing)
 .eh_frame      0x000000000011ef6c       0x20 binaries/ramopen.o
                                         0x38 (size before relaxing)
 .eh_frame      0x000000000011ef8c       0x20 binaries/ramread.o
                                         0x38 (size before relaxing)
 .eh_frame      0x000000000011efac       0x20 binaries/ramwrite.o
                                         0x38 (size before relaxing)
 .eh_frame      0x000000000011efcc       0x20 binaries/lfdballoc.o
                                         0x38 (size before relaxing)
 .eh_frame      0x000000000011efec       0x20 binaries/lfdbfree.o
                                         0x38 (size before relaxing)
 .eh_frame      0x000000000011f00c       0x20 binaries/lfflush.o
                                         0x38 (size before relaxing)
 .eh_frame      0x000000000011f02c       0x20 binaries/lfgetmode.o
                                         0x38 (size before relaxing)
 .eh_frame      0x000000000011f04c       0x20 binaries/lfiballoc.o
                                         0x38 (size before relaxing)
 .eh_frame      0x000000000011f06c       0x20 binaries/lfibclear.o
                                         0x38 (size before relaxing)
 .eh_frame      0x000000000011f08c       0x20 binaries/lfibget.o
                                         0x38 (size before relaxing)
 .eh_frame      0x000000000011f0ac       0x20 binaries/lfibput.o
                                         0x38 (size before relaxing)
 .eh_frame      0x000000000011f0cc       0x20 binaries/lflclose.o
                                         0x38 (size before relaxing)
 .eh_frame      0x000000000011f0ec       0x20 binaries/lflcontrol.o
                                         0x38 (size before relaxing)
 .eh_frame      0x000000000011f10c       0x20 binaries/lflgetc.o
                                         0x38 (size before relaxing)
 .eh_frame      0x000000000011f12c       0x20 binaries/lflinit.o
                                         0x38 (size before relaxing)
 .eh_frame      0x000000000011f14c       0x20 binaries/lflputc.o
                                         0x38 (size before relaxing)
 .eh_frame      0x000000000011f16c       0x20 binaries/lflread.o
                                         0x38 (size before relaxing)
 .eh_frame      0x000000000011f18c       0x20 binaries/lflseek.o
                                         0x38 (size before relaxing)
 .eh_frame      0x000000000011f1ac       0x20 binaries/lflwrite.o
                                         0x38 (size before relaxing)
 .eh_frame      0x000000000011f1cc       0x20 binaries/lfscheck.o
                                         0x38 (size before relaxing)
 .eh_frame      0x000000000011f1ec       0x20 binaries/lfsckfmt.o
                                         0x38 (size before relaxing)
 .eh_frame      0x000000000011f20c       0x20 binaries/lfscreate.o
                                         0x38 (size before relaxing)
 .eh_frame      0x000000000011f22c       0x20 binaries/lfsetup.o
                                         0x38 (size before relaxing)
 .eh_frame      0x000000000011f24c       0x20 binaries/lfsinit.o
                                         0x38 (size before relaxing)
 .eh_frame      0x000000000011f26c       0x20 binaries/lfsopen.o
                                         0x38 (size before relaxing)
 .eh_frame      0x000000000011f28c       0x20 binaries/lftruncate.o
                                         0x38 (size before relaxing)
 .eh_frame      0x000000000011f2ac       0x20 binaries/rflclose.o
                                         0x38 (size before relaxing)
 .eh_frame      0x000000000011f2cc       0x20 binaries/rflgetc.o
                                         0x38 (size before relaxing)
 .eh_frame      0x000000000011f2ec       0x20 binaries/rflinit.o
                                         0x38 (size before relaxing)
 .eh_frame      0x000000000011f30c       0x20 binaries/rflputc.o
                                         0x38 (size before relaxing)
 .eh_frame      0x000000000011f32c       0x20 binaries/rflread.o
                                         0x38 (size before relaxing)
 .eh_frame      0x000000000011f34c       0x20 binaries/rflseek.o
                                         0x38 (size before relaxing)
 .eh_frame      0x000000000011f36c       0x20 binaries/rflwrite.o
                                         0x38 (size before relaxing)
 .eh_frame      0x000000000011f38c       0x20 binaries/rfscomm.o
                                         0x38 (size before relaxing)
 .eh_frame      0x000000000011f3ac       0x20 binaries/rfscontrol.o
                                         0x38 (size before relaxing)
 .eh_frame      0x000000000011f3cc       0x20 binaries/rfsgetmode.o
                                         0x38 (size before relaxing)
 .eh_frame      0x000000000011f3ec       0x20 binaries/rfsinit.o
                                         0x38 (size before relaxing)
 .eh_frame      0x000000000011f40c       0x20 binaries/rfsndmsg.o
                                         0x38 (size before relaxing)
 .eh_frame      0x000000000011f42c       0x20 binaries/rfsopen.o
                                         0x38 (size before relaxing)
 .eh_frame      0x000000000011f44c       0xc0 binaries/arp.o
                                         0xd8 (size before relaxing)
 .eh_frame      0x000000000011f50c       0xa0 binaries/dhcp.o
                                         0xb8 (size before relaxing)
 .eh_frame      0x000000000011f5ac       0x80 binaries/dns.o
                                         0x98 (size before relaxing)
 .eh_frame      0x000000000011f62c       0x20 binaries/dot2ip.o
                                         0x38 (size before relaxing)
 .eh_frame      0x000000000011f64c       0x40 binaries/hexdump.o
                                         0x58 (size before relaxing)
 .eh_frame      0x000000000011f68c      0x150 binaries/icmp.o
                                        0x168 (size before relaxing)
 .eh_frame      0x000000000011f7dc      0x11c binaries/ip.o
                                        0x134 (size before relaxing)
 .eh_frame      0x000000000011f8f8       0xa0 binaries/net.o
                                         0xb8 (size before relaxing)
 .eh_frame      0x000000000011f998       0x60 binaries/pdump.o
                                         0x78 (size before relaxing)
 .eh_frame      0x000000000011f9f8       0x60 binaries/tftp.o
                                         0x78 (size before relaxing)
 .eh_frame      0x000000000011fa58      0x140 binaries/udp.o
                                        0x158 (size before relaxing)
 .eh_frame      0x000000000011fb98       0x20 binaries/addargs.o
                                         0x38 (size before relaxing)
 .eh_frame      0x000000000011fbb8       0x20 binaries/lexan.o
                                         0x38 (size before relaxing)
 .eh_frame      0x000000000011fbd8       0x20 binaries/shell.o
                                         0x38 (size before relaxing)
 .eh_frame      0x000000000011fbf8       0x20 binaries/xsh_argecho.o
                                         0x38 (size before relaxing)
 .eh_frame      0x000000000011fc18       0x40 binaries/xsh_arp.o
                                         0x58 (size before relaxing)
 .eh_frame      0x000000000011fc58       0x20 binaries/xsh_cat.o
                                         0x38 (size before relaxing)
 .eh_frame      0x000000000011fc78       0x20 binaries/xsh_clear.o
                                         0x38 (size before relaxing)
 .eh_frame      0x000000000011fc98       0x20 binaries/xsh_date.o
                                         0x38 (size before relaxing)
 .eh_frame      0x000000000011fcb8       0x20 binaries/xsh_devdump.o
                                         0x38 (size before relaxing)
 .eh_frame      0x000000000011fcd8       0x20 binaries/xsh_echo.o
                                         0x38 (size before relaxing)
 .eh_frame      0x000000000011fcf8       0x20 binaries/xsh_exit.o
                                         0x38 (size before relaxing)
 .eh_frame      0x000000000011fd18       0x2c binaries/xsh_help.o
                                         0x44 (size before relaxing)
 .eh_frame      0x000000000011fd44       0x20 binaries/xsh_kill.o
                                         0x38 (size before relaxing)
 .eh_frame      0x000000000011fd64       0x2c binaries/xsh_ls.o
                                         0x44 (size before relaxing)
 .eh_frame      0x000000000011fd90       0x40 binaries/xsh_memdump.o
                                         0x58 (size before relaxing)
 .eh_frame      0x000000000011fdd0       0x60 binaries/xsh_memstat.o
                                         0x78 (size before relaxing)
 .eh_frame      0x000000000011fe30       0x30 binaries/xsh_netinfo.o
                                         0x48 (size before relaxing)
 .eh_frame      0x000000000011fe60       0x30 binaries/xsh_ns.o
                                         0x48 (size before relaxing)
 .eh_frame      0x000000000011fe90       0x28 binaries/xsh_ping.o
                                         0x40 (size before relaxing)
 .eh_frame      0x000000000011feb8       0x30 binaries/xsh_ps.o
                                         0x48 (size before relaxing)
 .eh_frame      0x000000000011fee8       0x20 binaries/xsh_sleep.o
                                         0x38 (size before relaxing)
 .eh_frame      0x000000000011ff08       0x20 binaries/xsh_udpdump.o
                                         0x38 (size before relaxing)
 .eh_frame      0x000000000011ff28       0x30 binaries/xsh_udpecho.o
                                         0x48 (size before relaxing)
 .eh_frame      0x000000000011ff58       0x28 binaries/xsh_udpserver.o
                                         0x40 (size before relaxing)
 .eh_frame      0x000000000011ff80       0x20 binaries/xsh_uptime.o
                                         0x38 (size before relaxing)

.iplt           0x000000000011ffa0        0x0
 .iplt          0x000000000011ffa0        0x0 binaries/start.o

.rel.dyn        0x000000000011ffa0        0x0
 .rel.got       0x000000000011ffa0        0x0 binaries/start.o
 .rel.iplt      0x000000000011ffa0        0x0 binaries/start.o
 .rel.text      0x000000000011ffa0        0x0 binaries/start.o

.data           0x000000000011ffa0     0x1060
                0x000000000011ffa0                data = ABSOLUTE (.)
 *(.data .data.*)
 .data          0x000000000011ffa0      0x460 binaries/start.o
                0x000000000011ffa0                gdt
                0x000000000011ffe0                gdtr
                0x000000000011ffe6                idt
                0x00000000001203e6                idtr
                0x00000000001203ec                cpudelay
                0x00000000001203f0                _bootdev
                0x00000000001203f4                _cyloffset
 .data          0x0000000000120400        0x4 binaries/active_lock.o
 *fill*         0x0000000000120404       0x1c 
 .data          0x0000000000120420       0x88 binaries/ascdate.o
                0x0000000000120420                Date
 .data          0x00000000001204a8        0x0 binaries/bufinit.o
 .data          0x00000000001204a8        0x0 binaries/chprio.o
 .data          0x00000000001204a8        0x4 binaries/clkhandler.o
 .data          0x00000000001204ac        0x0 binaries/clkinit.o
 .data          0x00000000001204ac        0x0 binaries/close.o
 *fill*         0x00000000001204ac       0x14 
 .data          0x00000000001204c0      0x5a0 binaries/conf.o
                0x00000000001204c0                devtab
 .data          0x0000000000120a60        0x0 binaries/control.o
 .data          0x0000000000120a60        0x4 binaries/create.o
 *fill*         0x0000000000120a64       0x1c 
 .data          0x0000000000120a80       0x40 binaries/evec.o
                0x0000000000120a80                inames
 .data          0x0000000000120ac0        0x0 binaries/exit.o
 .data          0x0000000000120ac0        0x0 binaries/freebuf.o
 .data          0x0000000000120ac0        0x0 binaries/freemem.o
 .data          0x0000000000120ac0        0x0 binaries/getbuf.o
 .data          0x0000000000120ac0        0x0 binaries/getc.o
[...]
 .comment       0x0000000000000023       0x24 binaries/tftp.o
 .comment       0x0000000000000023       0x24 binaries/udp.o
 .comment       0x0000000000000023       0x24 binaries/addargs.o
 .comment       0x0000000000000023       0x24 binaries/lexan.o
 .comment       0x0000000000000023       0x24 binaries/shell.o
 .comment       0x0000000000000023       0x24 binaries/xsh_argecho.o
 .comment       0x0000000000000023       0x24 binaries/xsh_arp.o
 .comment       0x0000000000000023       0x24 binaries/xsh_cat.o
 .comment       0x0000000000000023       0x24 binaries/xsh_clear.o
 .comment       0x0000000000000023       0x24 binaries/xsh_date.o
 .comment       0x0000000000000023       0x24 binaries/xsh_devdump.o
 .comment       0x0000000000000023       0x24 binaries/xsh_echo.o
 .comment       0x0000000000000023       0x24 binaries/xsh_exit.o
 .comment       0x0000000000000023       0x24 binaries/xsh_help.o
 .comment       0x0000000000000023       0x24 binaries/xsh_kill.o
 .comment       0x0000000000000023       0x24 binaries/xsh_ls.o
 .comment       0x0000000000000023       0x24 binaries/xsh_memdump.o
 .comment       0x0000000000000023       0x24 binaries/xsh_memstat.o
 .comment       0x0000000000000023       0x24 binaries/xsh_netinfo.o
 .comment       0x0000000000000023       0x24 binaries/xsh_ns.o
 .comment       0x0000000000000023       0x24 binaries/xsh_ping.o
 .comment       0x0000000000000023       0x24 binaries/xsh_ps.o
 .comment       0x0000000000000023       0x24 binaries/xsh_sleep.o
 .comment       0x0000000000000023       0x24 binaries/xsh_udpdump.o
 .comment       0x0000000000000023       0x24 binaries/xsh_udpecho.o
 .comment       0x0000000000000023       0x24 binaries/xsh_udpserver.o
 .comment       0x0000000000000023       0x24 binaries/xsh_uptime.o

.note.GNU-stack
                0x0000000000000000        0x0
 .note.GNU-stack
                0x0000000000000000        0x0 binaries/active_lock.o
 .note.GNU-stack
                0x0000000000000000        0x0 binaries/ascdate.o
 .note.GNU-stack
                0x0000000000000000        0x0 binaries/bufinit.o
 .note.GNU-stack
                0x0000000000000000        0x0 binaries/chprio.o
 .note.GNU-stack
                0x0000000000000000        0x0 binaries/clkhandler.o
 .note.GNU-stack
                0x0000000000000000        0x0 binaries/clkinit.o
 .note.GNU-stack
                0x0000000000000000        0x0 binaries/close.o
 .note.GNU-stack
                0x0000000000000000        0x0 binaries/conf.o
 .note.GNU-stack
                0x0000000000000000        0x0 binaries/control.o
 .note.GNU-stack
                0x0000000000000000        0x0 binaries/create.o
 .note.GNU-stack
                0x0000000000000000        0x0 binaries/evec.o
 .note.GNU-stack
                0x0000000000000000        0x0 binaries/exit.o
 .note.GNU-stack
                0x0000000000000000        0x0 binaries/freebuf.o
 .note.GNU-stack
                0x0000000000000000        0x0 binaries/freemem.o
 .note.GNU-stack
                0x0000000000000000        0x0 binaries/getbuf.o
 .note.GNU-stack
                0x0000000000000000        0x0 binaries/getc.o
 .note.GNU-stack
                0x0000000000000000        0x0 binaries/getdev.o
 .note.GNU-stack
                0x0000000000000000        0x0 binaries/getitem.o
 .note.GNU-stack
                0x0000000000000000        0x0 binaries/getmem.o
 .note.GNU-stack
                0x0000000000000000        0x0 binaries/getpid.o
 .note.GNU-stack
                0x0000000000000000        0x0 binaries/getprio.o
 .note.GNU-stack
                0x0000000000000000        0x0 binaries/getstk.o
 .note.GNU-stack
                0x0000000000000000        0x0 binaries/getticks.o
 .note.GNU-stack
                0x0000000000000000        0x0 binaries/gettime.o
 .note.GNU-stack
                0x0000000000000000        0x0 binaries/getutime.o
 .note.GNU-stack
                0x0000000000000000        0x0 binaries/i386.o
 .note.GNU-stack
                0x0000000000000000        0x0 binaries/init.o
 .note.GNU-stack
                0x0000000000000000        0x0 binaries/initialize.o
 .note.GNU-stack
                0x0000000000000000        0x0 binaries/insert.o
 .note.GNU-stack
                0x0000000000000000        0x0 binaries/insertd.o
 .note.GNU-stack
                0x0000000000000000        0x0 binaries/ioerr.o
 .note.GNU-stack
                0x0000000000000000        0x0 binaries/ionull.o
 .note.GNU-stack
                0x0000000000000000        0x0 binaries/kill.o
 .note.GNU-stack
                0x0000000000000000        0x0 binaries/kprintf.o
 .note.GNU-stack
                0x0000000000000000        0x0 binaries/lock.o
 .note.GNU-stack
                0x0000000000000000        0x0 binaries/main.o
 .note.GNU-stack
                0x0000000000000000        0x0 binaries/mark.o
 .note.GNU-stack
                0x0000000000000000        0x0 binaries/meminit.o
 .note.GNU-stack
                0x0000000000000000        0x0 binaries/mkbufpool.o
 .note.GNU-stack
                0x0000000000000000        0x0 binaries/newqueue.o
 .note.GNU-stack
                0x0000000000000000        0x0 binaries/open.o
 .note.GNU-stack
                0x0000000000000000        0x0 binaries/panic.o
 .note.GNU-stack
                0x0000000000000000        0x0 binaries/park.o
 .note.GNU-stack
                0x0000000000000000        0x0 binaries/pci.o
 .note.GNU-stack
                0x0000000000000000        0x0 binaries/ptclear.o
 .note.GNU-stack
                0x0000000000000000        0x0 binaries/ptcount.o
 .note.GNU-stack
                0x0000000000000000        0x0 binaries/ptcreate.o
 .note.GNU-stack
                0x0000000000000000        0x0 binaries/ptdelete.o
 .note.GNU-stack
                0x0000000000000000        0x0 binaries/ptinit.o
 .note.GNU-stack
                0x0000000000000000        0x0 binaries/ptrecv.o
 .note.GNU-stack
                0x0000000000000000        0x0 binaries/ptreset.o
 .note.GNU-stack
                0x0000000000000000        0x0 binaries/ptsend.o
 .note.GNU-stack
                0x0000000000000000        0x0 binaries/putc.o
 .note.GNU-stack
                0x0000000000000000        0x0 binaries/queue.o
 .note.GNU-stack
                0x0000000000000000        0x0 binaries/read.o
 .note.GNU-stack
                0x0000000000000000        0x0 binaries/ready.o
 .note.GNU-stack
                0x0000000000000000        0x0 binaries/receive.o
 .note.GNU-stack
                0x0000000000000000        0x0 binaries/recvclr.o
 .note.GNU-stack
                0x0000000000000000        0x0 binaries/recvtime.o
 .note.GNU-stack
                0x0000000000000000        0x0 binaries/resched.o
 .note.GNU-stack
                0x0000000000000000        0x0 binaries/resume.o
 .note.GNU-stack
                0x0000000000000000        0x0 binaries/seek.o
 .note.GNU-stack
                0x0000000000000000        0x0 binaries/semcount.o
 .note.GNU-stack
                0x0000000000000000        0x0 binaries/semcreate.o
 .note.GNU-stack
                0x0000000000000000        0x0 binaries/semdelete.o
 .note.GNU-stack
                0x0000000000000000        0x0 binaries/semreset.o
 .note.GNU-stack
                0x0000000000000000        0x0 binaries/send.o
 .note.GNU-stack
                0x0000000000000000        0x0 binaries/signal.o
 .note.GNU-stack
                0x0000000000000000        0x0 binaries/signaln.o
 .note.GNU-stack
                0x0000000000000000        0x0 binaries/sleep.o
 .note.GNU-stack
                0x0000000000000000        0x0 binaries/spinlock.o
 .note.GNU-stack
                0x0000000000000000        0x0 binaries/stacktrace.o
 .note.GNU-stack
                0x0000000000000000        0x0 binaries/suspend.o
 .note.GNU-stack
                0x0000000000000000        0x0 binaries/unsleep.o
 .note.GNU-stack
                0x0000000000000000        0x0 binaries/userret.o
 .note.GNU-stack
                0x0000000000000000        0x0 binaries/wait.o
 .note.GNU-stack
                0x0000000000000000        0x0 binaries/wakeup.o
 .note.GNU-stack
                0x0000000000000000        0x0 binaries/write.o
 .note.GNU-stack
                0x0000000000000000        0x0 binaries/xdone.o
 .note.GNU-stack
                0x0000000000000000        0x0 binaries/yield.o
 .note.GNU-stack
                0x0000000000000000        0x0 binaries/abs.o
 .note.GNU-stack
                0x0000000000000000        0x0 binaries/atoi.o
 .note.GNU-stack
                0x0000000000000000        0x0 binaries/atol.o
 .note.GNU-stack
                0x0000000000000000        0x0 binaries/bzero.o
 .note.GNU-stack
                0x0000000000000000        0x0 binaries/ctype_.o
 .note.GNU-stack
                0x0000000000000000        0x0 binaries/doprnt.o
 .note.GNU-stack
                0x0000000000000000        0x0 binaries/doscan.o
 .note.GNU-stack
                0x0000000000000000        0x0 binaries/fdoprnt.o
 .note.GNU-stack
                0x0000000000000000        0x0 binaries/fgetc.o
 .note.GNU-stack
                0x0000000000000000        0x0 binaries/fgets.o
 .note.GNU-stack
                0x0000000000000000        0x0 binaries/fprintf.o
 .note.GNU-stack
                0x0000000000000000        0x0 binaries/fputc.o
 .note.GNU-stack
                0x0000000000000000        0x0 binaries/fputs.o
 .note.GNU-stack
                0x0000000000000000        0x0 binaries/fscanf.o
 .note.GNU-stack
                0x0000000000000000        0x0 binaries/getchar.o
 .note.GNU-stack
                0x0000000000000000        0x0 binaries/labs.o
 .note.GNU-stack
                0x0000000000000000        0x0 binaries/memcmp.o
 .note.GNU-stack
                0x0000000000000000        0x0 binaries/memcpy.o
 .note.GNU-stack
                0x0000000000000000        0x0 binaries/memset.o
 .note.GNU-stack
                0x0000000000000000        0x0 binaries/printf.o
 .note.GNU-stack
                0x0000000000000000        0x0 binaries/putchar.o
 .note.GNU-stack
                0x0000000000000000        0x0 binaries/qsort.o
 .note.GNU-stack
                0x0000000000000000        0x0 binaries/rand.o
 .note.GNU-stack
                0x0000000000000000        0x0 binaries/sprintf.o
 .note.GNU-stack
                0x0000000000000000        0x0 binaries/sscanf.o
 .note.GNU-stack
                0x0000000000000000        0x0 binaries/strchr.o
 .note.GNU-stack
                0x0000000000000000        0x0 binaries/strcmp.o
 .note.GNU-stack
                0x0000000000000000        0x0 binaries/strcpy.o
 .note.GNU-stack
                0x0000000000000000        0x0 binaries/strlen.o
 .note.GNU-stack
                0x0000000000000000        0x0 binaries/strncat.o
 .note.GNU-stack
                0x0000000000000000        0x0 binaries/strncmp.o
 .note.GNU-stack
                0x0000000000000000        0x0 binaries/strncpy.o
 .note.GNU-stack
                0x0000000000000000        0x0 binaries/strnlen.o
 .note.GNU-stack
                0x0000000000000000        0x0 binaries/strrchr.o
 .note.GNU-stack
                0x0000000000000000        0x0 binaries/strstr.o
 .note.GNU-stack
                0x0000000000000000        0x0 binaries/ttycontrol.o
 .note.GNU-stack
                0x0000000000000000        0x0 binaries/ttygetc.o
 .note.GNU-stack
                0x0000000000000000        0x0 binaries/ttyhandle_in.o
 .note.GNU-stack
                0x0000000000000000        0x0 binaries/ttyhandle_out.o
 .note.GNU-stack
                0x0000000000000000        0x0 binaries/ttyhandler.o
 .note.GNU-stack
                0x0000000000000000        0x0 binaries/ttyinit.o
 .note.GNU-stack
                0x0000000000000000        0x0 binaries/ttykickout.o
 .note.GNU-stack
                0x0000000000000000        0x0 binaries/ttyputc.o
 .note.GNU-stack
                0x0000000000000000        0x0 binaries/ttyread.o
 .note.GNU-stack
                0x0000000000000000        0x0 binaries/ttywrite.o
 .note.GNU-stack
                0x0000000000000000        0x0 binaries/mount.o
 .note.GNU-stack
                0x0000000000000000        0x0 binaries/naminit.o
 .note.GNU-stack
                0x0000000000000000        0x0 binaries/nammap.o
 .note.GNU-stack
                0x0000000000000000        0x0 binaries/namopen.o
 .note.GNU-stack
                0x0000000000000000        0x0 binaries/82545EMInit.o
 .note.GNU-stack
                0x0000000000000000        0x0 binaries/ethcontrol.o
 .note.GNU-stack
                0x0000000000000000        0x0 binaries/ethhandler.o
 .note.GNU-stack
                0x0000000000000000        0x0 binaries/ethinit.o
 .note.GNU-stack
                0x0000000000000000        0x0 binaries/ethread.o
 .note.GNU-stack
                0x0000000000000000        0x0 binaries/ethwrite.o
 .note.GNU-stack
                0x0000000000000000        0x0 binaries/rdscomm.o
 .note.GNU-stack
                0x0000000000000000        0x0 binaries/rdscontrol.o
 .note.GNU-stack
                0x0000000000000000        0x0 binaries/rdsinit.o
 .note.GNU-stack
                0x0000000000000000        0x0 binaries/rdsopen.o
 .note.GNU-stack
                0x0000000000000000        0x0 binaries/rdsprocess.o
 .note.GNU-stack
                0x0000000000000000        0x0 binaries/rdsqfcns.o
 .note.GNU-stack
                0x0000000000000000        0x0 binaries/rdsread.o
 .note.GNU-stack
                0x0000000000000000        0x0 binaries/rdssetprio.o
 .note.GNU-stack
                0x0000000000000000        0x0 binaries/rdswrite.o
 .note.GNU-stack
                0x0000000000000000        0x0 binaries/ramclose.o
 .note.GNU-stack
                0x0000000000000000        0x0 binaries/raminit.o
 .note.GNU-stack
                0x0000000000000000        0x0 binaries/ramopen.o
 .note.GNU-stack
                0x0000000000000000        0x0 binaries/ramread.o
 .note.GNU-stack
                0x0000000000000000        0x0 binaries/ramwrite.o
 .note.GNU-stack
                0x0000000000000000        0x0 binaries/lfdballoc.o
 .note.GNU-stack
                0x0000000000000000        0x0 binaries/lfdbfree.o
 .note.GNU-stack
                0x0000000000000000        0x0 binaries/lfflush.o
 .note.GNU-stack
                0x0000000000000000        0x0 binaries/lfgetmode.o
 .note.GNU-stack
                0x0000000000000000        0x0 binaries/lfiballoc.o
 .note.GNU-stack
                0x0000000000000000        0x0 binaries/lfibclear.o
 .note.GNU-stack
                0x0000000000000000        0x0 binaries/lfibget.o
 .note.GNU-stack
                0x0000000000000000        0x0 binaries/lfibput.o
 .note.GNU-stack
                0x0000000000000000        0x0 binaries/lflclose.o
 .note.GNU-stack
                0x0000000000000000        0x0 binaries/lflcontrol.o
 .note.GNU-stack
                0x0000000000000000        0x0 binaries/lflgetc.o
 .note.GNU-stack
                0x0000000000000000        0x0 binaries/lflinit.o
 .note.GNU-stack
                0x0000000000000000        0x0 binaries/lflputc.o
 .note.GNU-stack
                0x0000000000000000        0x0 binaries/lflread.o
 .note.GNU-stack
                0x0000000000000000        0x0 binaries/lflseek.o
 .note.GNU-stack
                0x0000000000000000        0x0 binaries/lflwrite.o
 .note.GNU-stack
                0x0000000000000000        0x0 binaries/lfscheck.o
 .note.GNU-stack
                0x0000000000000000        0x0 binaries/lfsckfmt.o
 .note.GNU-stack
                0x0000000000000000        0x0 binaries/lfscreate.o
 .note.GNU-stack
                0x0000000000000000        0x0 binaries/lfsetup.o
 .note.GNU-stack
                0x0000000000000000        0x0 binaries/lfsinit.o
 .note.GNU-stack
                0x0000000000000000        0x0 binaries/lfsopen.o
 .note.GNU-stack
                0x0000000000000000        0x0 binaries/lftruncate.o
 .note.GNU-stack
                0x0000000000000000        0x0 binaries/rflclose.o
 .note.GNU-stack
                0x0000000000000000        0x0 binaries/rflgetc.o
 .note.GNU-stack
                0x0000000000000000        0x0 binaries/rflinit.o
 .note.GNU-stack
                0x0000000000000000        0x0 binaries/rflputc.o
 .note.GNU-stack
                0x0000000000000000        0x0 binaries/rflread.o
 .note.GNU-stack
                0x0000000000000000        0x0 binaries/rflseek.o
 .note.GNU-stack
                0x0000000000000000        0x0 binaries/rflwrite.o
 .note.GNU-stack
                0x0000000000000000        0x0 binaries/rfscomm.o
 .note.GNU-stack
                0x0000000000000000        0x0 binaries/rfscontrol.o
 .note.GNU-stack
                0x0000000000000000        0x0 binaries/rfsgetmode.o
 .note.GNU-stack
                0x0000000000000000        0x0 binaries/rfsinit.o
 .note.GNU-stack
                0x0000000000000000        0x0 binaries/rfsndmsg.o
 .note.GNU-stack
                0x0000000000000000        0x0 binaries/rfsopen.o
 .note.GNU-stack
                0x0000000000000000        0x0 binaries/arp.o
 .note.GNU-stack
                0x0000000000000000        0x0 binaries/dhcp.o
 .note.GNU-stack
                0x0000000000000000        0x0 binaries/dns.o
 .note.GNU-stack
                0x0000000000000000        0x0 binaries/dot2ip.o
 .note.GNU-stack
                0x0000000000000000        0x0 binaries/hexdump.o
 .note.GNU-stack
                0x0000000000000000        0x0 binaries/icmp.o
 .note.GNU-stack
                0x0000000000000000        0x0 binaries/ip.o
 .note.GNU-stack
                0x0000000000000000        0x0 binaries/net.o
 .note.GNU-stack
                0x0000000000000000        0x0 binaries/pdump.o
 .note.GNU-stack
                0x0000000000000000        0x0 binaries/tftp.o
 .note.GNU-stack
                0x0000000000000000        0x0 binaries/udp.o
 .note.GNU-stack
                0x0000000000000000        0x0 binaries/addargs.o
 .note.GNU-stack
                0x0000000000000000        0x0 binaries/lexan.o
 .note.GNU-stack
                0x0000000000000000        0x0 binaries/shell.o
 .note.GNU-stack
                0x0000000000000000        0x0 binaries/xsh_argecho.o
 .note.GNU-stack
                0x0000000000000000        0x0 binaries/xsh_arp.o
 .note.GNU-stack
                0x0000000000000000        0x0 binaries/xsh_cat.o
 .note.GNU-stack
                0x0000000000000000        0x0 binaries/xsh_clear.o
 .note.GNU-stack
                0x0000000000000000        0x0 binaries/xsh_date.o
 .note.GNU-stack
                0x0000000000000000        0x0 binaries/xsh_devdump.o
 .note.GNU-stack
                0x0000000000000000        0x0 binaries/xsh_echo.o
 .note.GNU-stack
                0x0000000000000000        0x0 binaries/xsh_exit.o
 .note.GNU-stack
                0x0000000000000000        0x0 binaries/xsh_help.o
 .note.GNU-stack
                0x0000000000000000        0x0 binaries/xsh_kill.o
 .note.GNU-stack
                0x0000000000000000        0x0 binaries/xsh_ls.o
 .note.GNU-stack
                0x0000000000000000        0x0 binaries/xsh_memdump.o
 .note.GNU-stack
                0x0000000000000000        0x0 binaries/xsh_memstat.o
 .note.GNU-stack
                0x0000000000000000        0x0 binaries/xsh_netinfo.o
 .note.GNU-stack
                0x0000000000000000        0x0 binaries/xsh_ns.o
 .note.GNU-stack
                0x0000000000000000        0x0 binaries/xsh_ping.o
 .note.GNU-stack
                0x0000000000000000        0x0 binaries/xsh_ps.o
 .note.GNU-stack
                0x0000000000000000        0x0 binaries/xsh_sleep.o
 .note.GNU-stack
                0x0000000000000000        0x0 binaries/xsh_udpdump.o
 .note.GNU-stack
                0x0000000000000000        0x0 binaries/xsh_udpecho.o
 .note.GNU-stack
                0x0000000000000000        0x0 binaries/xsh_udpserver.o
 .note.GNU-stack
                0x0000000000000000        0x0 binaries/xsh_uptime.o
